
> frontend@0.1.0 dev
> npx cross-env NODE_ENV=development next dev

   ▲ Next.js 15.3.2
   - Local:        http://localhost:3000
   - Network:      http://192.168.56.1:3000

 ✓ Starting...
 ✓ Ready in 2.3s
 ○ Compiling / ...
 ✓ Compiled / in 1230ms (822 modules)
 GET / 200 in 1532ms
 ○ Compiling /login ...
 ✓ Compiled /login in 1718ms (851 modules)
 GET /login 200 in 1824ms
 ✓ Compiled in 213ms (373 modules)
 GET /login 200 in 54ms
 GET /login 200 in 20ms
 GET / 200 in 21ms
 ○ Compiling /chat ...
 ✓ Compiled /chat in 1136ms (1389 modules)
 GET /chat 200 in 1243ms
 GET /chat 200 in 14ms
 GET /chat 200 in 910ms
