  2026-05-17 17:39:04,659 INFO sqlalchemy.engine.Engine BEGIN (implicit)
2026-05-17 17:39:04,687 INFO sqlalchemy.engine.Engine SELECT users.id, users.email, users.full_name, users.hashed_password, users.role, users.is_active, users.created_at, users.last_login 
FROM users 
WHERE users.email = ?
2026-05-17 17:39:04,688 INFO sqlalchemy.engine.Engine [generated in 0.00143s] ('dtraore@neuronestech.com',)
2026-05-17 17:39:04,906 INFO sqlalchemy.engine.Engine UPDATE users SET last_login=? WHERE users.id = ?
2026-05-17 17:39:04,913 INFO sqlalchemy.engine.Engine [generated in 0.00647s] ('2026-05-17 17:39:04.902370', 1)
2026-05-17 17:39:04,915 INFO sqlalchemy.engine.Engine COMMIT
INFO:     127.0.0.1:60840 - "POST /v1/auth/login HTTP/1.1" 200 OK
2026-05-17 17:39:13,563 INFO sqlalchemy.engine.Engine BEGIN (implicit)
2026-05-17 17:39:13,564 INFO sqlalchemy.engine.Engine SELECT users.id, users.email, users.full_name, users.hashed_password, users.role, users.is_active, users.created_at, users.last_login 
FROM users 
WHERE users.email = ?
2026-05-17 17:39:13,564 INFO sqlalchemy.engine.Engine [cached since 8.877s ago] ('dtraore@neuronestech.com',)
2026-05-17 17:39:13,777 INFO sqlalchemy.engine.Engine UPDATE users SET last_login=? WHERE users.id = ?
2026-05-17 17:39:13,777 INFO sqlalchemy.engine.Engine [cached since 8.871s ago] ('2026-05-17 17:39:13.776763', 1)
2026-05-17 17:39:13,778 INFO sqlalchemy.engine.Engine COMMIT
INFO:     127.0.0.1:60843 - "POST /v1/auth/login HTTP/1.1" 200 OK
2026-05-17 17:39:13,833 INFO sqlalchemy.engine.Engine BEGIN (implicit)
2026-05-17 17:39:13,835 INFO sqlalchemy.engine.Engine SELECT users.id, users.email, users.full_name, users.hashed_password, users.role, users.is_active, users.created_at, users.last_login 
FROM users 
WHERE users.id = ?
2026-05-17 17:39:13,835 INFO sqlalchemy.engine.Engine [generated in 0.00024s] (1,)
INFO:     127.0.0.1:60843 - "GET /v1/auth/me HTTP/1.1" 200 OK
2026-05-17 17:39:13,837 INFO sqlalchemy.engine.Engine ROLLBACK
INFO:     127.0.0.1:60846 - "GET /v1/stats HTTP/1.1" 401 Unauthorized
2026-05-17 17:40:59,457 INFO sqlalchemy.engine.Engine BEGIN (implicit)
2026-05-17 17:40:59,460 INFO sqlalchemy.engine.Engine SELECT users.id, users.email, users.full_name, users.hashed_password, users.role, users.is_active, users.created_at, users.last_login 
FROM users 
WHERE users.email = ?
2026-05-17 17:40:59,460 INFO sqlalchemy.engine.Engine [cached since 114.8s ago] ('dtraore@neuronestech.com',)
2026-05-17 17:40:59,681 INFO sqlalchemy.engine.Engine ROLLBACK
INFO:     127.0.0.1:55665 - "POST /v1/auth/login HTTP/1.1" 401 Unauthorized
  INFO:     127.0.0.1:63771 - "POST /v1/presales/match-team HTTP/1.1" 400 Bad Request
INFO:     127.0.0.1:53686 - "POST /v1/presales/match-team HTTP/1.1" 401 Unauthorized
INFO:     127.0.0.1:53694 - "POST /v1/presales/match-team HTTP/1.1" 401 Unauthorized
 2026-05-17 20:25:22,303 INFO sqlalchemy.engine.Engine BEGIN (implicit)
2026-05-17 20:25:22,411 INFO sqlalchemy.engine.Engine SELECT users.id, users.email, users.full_name, users.hashed_password, users.role, users.is_active, users.created_at, users.last_login 
FROM users 
WHERE users.email = ?
2026-05-17 20:25:22,411 INFO sqlalchemy.engine.Engine [generated in 0.00297s] ('dtraore@neuronestech.com',)
2026-05-17 20:25:22,662 INFO sqlalchemy.engine.Engine UPDATE users SET last_login=? WHERE users.id = ?
2026-05-17 20:25:22,662 INFO sqlalchemy.engine.Engine [generated in 0.00049s] ('2026-05-17 20:25:22.645542', 1)
2026-05-17 20:25:22,668 INFO sqlalchemy.engine.Engine COMMIT
INFO:     127.0.0.1:56986 - "POST /v1/auth/login HTTP/1.1" 200 OK
 2026-05-17 20:25:35,449 INFO sqlalchemy.engine.Engine BEGIN (implicit)
2026-05-17 20:25:35,454 INFO sqlalchemy.engine.Engine SELECT users.id, users.email, users.full_name, users.hashed_password, users.role, users.is_active, users.created_at, users.last_login 
FROM users 
WHERE users.id = ?
2026-05-17 20:25:35,454 INFO sqlalchemy.engine.Engine [generated in 0.00029s] (1,)
2026-05-17 20:25:35,456 INFO sqlalchemy.engine.Engine BEGIN (implicit)
2026-05-17 20:25:35,457 INFO sqlalchemy.engine.Engine SELECT veille_entries.id, veille_entries.source_id, veille_entries.title, veille_entries.url, veille_entries.description, veille_entries.published_at, veille_entries.detected_at, veille_entries.status, veille_entries.estimated_budget, veille_entries.deadline, veille_entries.country, veille_entries.relevance_score 
FROM veille_entries
2026-05-17 20:25:35,457 INFO sqlalchemy.engine.Engine [generated in 0.00021s] ()
2026-05-17 20:25:35,459 INFO sqlalchemy.engine.Engine ROLLBACK
2026-05-17 20:25:35,459 INFO sqlalchemy.engine.Engine ROLLBACK
INFO:     127.0.0.1:56987 - "GET /v1/veille/stats HTTP/1.1" 500 Internal Server Error
2026-05-17 20:26:06,527 INFO sqlalchemy.engine.Engine BEGIN (implicit)
2026-05-17 20:26:06,530 INFO sqlalchemy.engine.Engine SELECT users.id, users.email, users.full_name, users.hashed_password, users.role, users.is_active, users.created_at, users.last_login 
FROM users 
WHERE users.email = ?
2026-05-17 20:26:06,530 INFO sqlalchemy.engine.Engine [generated in 0.00045s] ('dtraore@neuronestech.com',)
2026-05-17 20:26:06,737 INFO sqlalchemy.engine.Engine UPDATE users SET last_login=? WHERE users.id = ?
2026-05-17 20:26:06,739 INFO sqlalchemy.engine.Engine [generated in 0.00037s] ('2026-05-17 20:26:06.736817', 1)
2026-05-17 20:26:06,741 INFO sqlalchemy.engine.Engine COMMIT
INFO:     127.0.0.1:53942 - "POST /v1/auth/login HTTP/1.1" 200 OK
2026-05-17 20:26:06,826 INFO sqlalchemy.engine.Engine BEGIN (implicit)
2026-05-17 20:26:06,826 INFO sqlalchemy.engine.Engine SELECT users.id, users.email, users.full_name, users.hashed_password, users.role, users.is_active, users.created_at, users.last_login 
FROM users 
WHERE users.id = ?
2026-05-17 20:26:06,826 INFO sqlalchemy.engine.Engine [cached since 31.37s ago] (1,)
2026-05-17 20:26:06,828 INFO sqlalchemy.engine.Engine BEGIN (implicit)
2026-05-17 20:26:06,828 INFO sqlalchemy.engine.Engine SELECT veille_entries.id, veille_entries.source_id, veille_entries.title, veille_entries.url, veille_entries.description, veille_entries.published_at, veille_entries.detected_at, veille_entries.status, veille_entries.estimated_budget, veille_entries.deadline, veille_entries.country, veille_entries.relevance_score 
FROM veille_entries
2026-05-17 20:26:06,828 INFO sqlalchemy.engine.Engine [cached since 31.37s ago] ()
2026-05-17 20:26:06,829 INFO sqlalchemy.engine.Engine ROLLBACK
INFO:     127.0.0.1:53942 - "GET /v1/veille/stats HTTP/1.1" 200 OK
2026-05-17 20:26:06,830 INFO sqlalchemy.engine.Engine ROLLBACK
2026-05-17 20:26:20,854 INFO sqlalchemy.engine.Engine BEGIN (implicit)
2026-05-17 20:26:20,854 INFO sqlalchemy.engine.Engine SELECT users.id, users.email, users.full_name, users.hashed_password, users.role, users.is_active, users.created_at, users.last_login 
FROM users 
WHERE users.email = ?
2026-05-17 20:26:20,855 INFO sqlalchemy.engine.Engine [cached since 14.32s ago] ('dtraore@neuronestech.com',)
2026-05-17 20:26:21,068 INFO sqlalchemy.engine.Engine UPDATE users SET last_login=? WHERE users.id = ?
2026-05-17 20:26:21,069 INFO sqlalchemy.engine.Engine [cached since 14.33s ago] ('2026-05-17 20:26:21.059929', 1)
2026-05-17 20:26:21,069 INFO sqlalchemy.engine.Engine COMMIT
INFO:     127.0.0.1:53949 - "POST /v1/auth/login HTTP/1.1" 200 OK
2026-05-17 20:26:21,133 INFO sqlalchemy.engine.Engine BEGIN (implicit)
2026-05-17 20:26:21,134 INFO sqlalchemy.engine.Engine SELECT users.id, users.email, users.full_name, users.hashed_password, users.role, users.is_active, users.created_at, users.last_login 
FROM users 
WHERE users.id = ?
2026-05-17 20:26:21,134 INFO sqlalchemy.engine.Engine [cached since 45.68s ago] (1,)
2026-05-17 20:26:21,136 INFO sqlalchemy.engine.Engine BEGIN (implicit)
2026-05-17 20:26:21,140 INFO sqlalchemy.engine.Engine SELECT veille_sources.id, veille_sources.name, veille_sources.url, veille_sources.feed_type, veille_sources.keywords, veille_sources.active, veille_sources.created_at, veille_sources.last_scan 
FROM veille_sources
2026-05-17 20:26:21,140 INFO sqlalchemy.engine.Engine [generated in 0.00022s] ()
2026-05-17 20:26:21,149 INFO sqlalchemy.engine.Engine INSERT INTO veille_sources (name, url, feed_type, keywords, active, created_at, last_scan) VALUES (?, ?, ?, ?, ?, ?, ?) RETURNING id
2026-05-17 20:26:21,149 INFO sqlalchemy.engine.Engine [generated in 0.00088s (insertmanyvalues) 1/2 (ordered; batch not supported)] ("DGMP Côte d'Ivoire", 'https://www.dgmp.gouv.ci/fr/avis-appels-offres', 'html', 'informatique,développement,infrastructure,système,réseau,logiciel,IT,digital,numérique', 1, '2026-05-17 20:26:21.148672', None)
2026-05-17 20:26:21,153 INFO sqlalchemy.engine.Engine INSERT INTO veille_sources (name, url, feed_type, keywords, active, created_at, last_scan) VALUES (?, ?, ?, ?, ?, ?, ?) RETURNING id
2026-05-17 20:26:21,153 INFO sqlalchemy.engine.Engine [insertmanyvalues 2/2 (ordered; batch not supported)] ("BOAD Appels d'Offres", 'https://www.boad.org/appels-doffres/', 'html', "informatique,système d'information,réseau,infrastructure", 1, '2026-05-17 20:26:21.148672', None)
2026-05-17 20:26:21,155 INFO sqlalchemy.engine.Engine COMMIT
INFO:     127.0.0.1:53949 - "POST /v1/veille/init-demo HTTP/1.1" 200 OK
2026-05-17 20:26:21,157 INFO sqlalchemy.engine.Engine ROLLBACK
2026-05-17 20:26:21,166 INFO sqlalchemy.engine.Engine BEGIN (implicit)
2026-05-17 20:26:21,167 INFO sqlalchemy.engine.Engine SELECT users.id, users.email, users.full_name, users.hashed_password, users.role, users.is_active, users.created_at, users.last_login 
FROM users 
WHERE users.id = ?
2026-05-17 20:26:21,167 INFO sqlalchemy.engine.Engine [cached since 45.71s ago] (1,)
2026-05-17 20:26:21,168 INFO sqlalchemy.engine.Engine BEGIN (implicit)
2026-05-17 20:26:21,169 INFO sqlalchemy.engine.Engine SELECT veille_sources.id, veille_sources.name, veille_sources.url, veille_sources.feed_type, veille_sources.keywords, veille_sources.active, veille_sources.created_at, veille_sources.last_scan 
FROM veille_sources ORDER BY veille_sources.id
2026-05-17 20:26:21,169 INFO sqlalchemy.engine.Engine [generated in 0.00019s] ()
2026-05-17 20:26:21,170 INFO sqlalchemy.engine.Engine ROLLBACK
INFO:     127.0.0.1:53949 - "GET /v1/veille/sources HTTP/1.1" 200 OK
2026-05-17 20:26:21,176 INFO sqlalchemy.engine.Engine ROLLBACK
2026-05-17 20:27:18,931 INFO sqlalchemy.engine.Engine BEGIN (implicit)
2026-05-17 20:27:18,932 INFO sqlalchemy.engine.Engine SELECT users.id, users.email, users.full_name, users.hashed_password, users.role, users.is_active, users.created_at, users.last_login 
FROM users 
WHERE users.email = ?
2026-05-17 20:27:18,933 INFO sqlalchemy.engine.Engine [cached since 72.4s ago] ('dtraore@neuronestech.com',)
2026-05-17 20:27:19,141 INFO sqlalchemy.engine.Engine UPDATE users SET last_login=? WHERE users.id = ?
2026-05-17 20:27:19,144 INFO sqlalchemy.engine.Engine [cached since 72.41s ago] ('2026-05-17 20:27:19.141448', 1)
2026-05-17 20:27:19,144 INFO sqlalchemy.engine.Engine COMMIT
INFO:     127.0.0.1:50854 - "POST /v1/auth/login HTTP/1.1" 200 OK
2026-05-17 20:27:19,427 INFO sqlalchemy.engine.Engine BEGIN (implicit)
2026-05-17 20:27:19,427 INFO sqlalchemy.engine.Engine SELECT users.id, users.email, users.full_name, users.hashed_password, users.role, users.is_active, users.created_at, users.last_login 
FROM users 
WHERE users.id = ?
2026-05-17 20:27:19,427 INFO sqlalchemy.engine.Engine [cached since 104s ago] (1,)
2026-05-17 20:29:44,649 INFO sqlalchemy.engine.Engine BEGIN (implicit)
2026-05-17 20:29:44,653 INFO sqlalchemy.engine.Engine SELECT users.id, users.email, users.full_name, users.hashed_password, users.role, users.is_active, users.created_at, users.last_login 
FROM users 
WHERE users.email = ?
2026-05-17 20:29:44,654 INFO sqlalchemy.engine.Engine [cached since 218.1s ago] ('dtraore@neuronestech.com',)
2026-05-17 20:29:44,879 INFO sqlalchemy.engine.Engine UPDATE users SET last_login=? WHERE users.id = ?
2026-05-17 20:29:44,879 INFO sqlalchemy.engine.Engine [cached since 218.1s ago] ('2026-05-17 20:29:44.874680', 1)
2026-05-17 20:29:44,884 INFO sqlalchemy.engine.Engine COMMIT
INFO:     127.0.0.1:61623 - "POST /v1/auth/login HTTP/1.1" 200 OK
2026-05-17 20:29:44,949 INFO sqlalchemy.engine.Engine BEGIN (implicit)
2026-05-17 20:29:44,951 INFO sqlalchemy.engine.Engine SELECT users.id, users.email, users.full_name, users.hashed_password, users.role, users.is_active, users.created_at, users.last_login 
FROM users 
WHERE users.id = ?
2026-05-17 20:29:44,951 INFO sqlalchemy.engine.Engine [cached since 249.5s ago] (1,)
2026-05-17 20:29:44,958 INFO sqlalchemy.engine.Engine BEGIN (implicit)
2026-05-17 20:29:44,959 INFO sqlalchemy.engine.Engine SELECT veille_entries.id, veille_entries.source_id, veille_entries.title, veille_entries.url, veille_entries.description, veille_entries.published_at, veille_entries.detected_at, veille_entries.status, veille_entries.estimated_budget, veille_entries.deadline, veille_entries.country, veille_entries.relevance_score 
FROM veille_entries
2026-05-17 20:29:44,960 INFO sqlalchemy.engine.Engine [cached since 249.5s ago] ()
2026-05-17 20:29:44,966 INFO sqlalchemy.engine.Engine ROLLBACK
INFO:     127.0.0.1:61623 - "GET /v1/veille/stats HTTP/1.1" 200 OK
2026-05-17 20:29:44,968 INFO sqlalchemy.engine.Engine ROLLBACK
2026-05-17 20:29:44,972 INFO sqlalchemy.engine.Engine BEGIN (implicit)
2026-05-17 20:29:44,972 INFO sqlalchemy.engine.Engine SELECT users.id, users.email, users.full_name, users.hashed_password, users.role, users.is_active, users.created_at, users.last_login 
FROM users 
WHERE users.id = ?
2026-05-17 20:29:44,972 INFO sqlalchemy.engine.Engine [cached since 249.5s ago] (1,)
2026-05-17 20:29:44,974 INFO sqlalchemy.engine.Engine BEGIN (implicit)
2026-05-17 20:29:44,974 INFO sqlalchemy.engine.Engine SELECT veille_sources.id, veille_sources.name, veille_sources.url, veille_sources.feed_type, veille_sources.keywords, veille_sources.active, veille_sources.created_at, veille_sources.last_scan 
FROM veille_sources ORDER BY veille_sources.id
2026-05-17 20:29:44,974 INFO sqlalchemy.engine.Engine [cached since 203.8s ago] ()
2026-05-17 20:29:44,975 INFO sqlalchemy.engine.Engine ROLLBACK
INFO:     127.0.0.1:61623 - "GET /v1/veille/sources HTTP/1.1" 200 OK
2026-05-17 20:29:44,978 INFO sqlalchemy.engine.Engine ROLLBACK
INFO:     127.0.0.1:60865 - "OPTIONS /v1/auth/login HTTP/1.1" 200 OK
2026-05-17 20:30:41,938 INFO sqlalchemy.engine.Engine BEGIN (implicit)
2026-05-17 20:30:41,939 INFO sqlalchemy.engine.Engine SELECT users.id, users.email, users.full_name, users.hashed_password, users.role, users.is_active, users.created_at, users.last_login 
FROM users 
WHERE users.email = ?
2026-05-17 20:30:41,939 INFO sqlalchemy.engine.Engine [cached since 275.4s ago] ('dtraore@neuronestech.com',)
2026-05-17 20:30:42,149 INFO sqlalchemy.engine.Engine UPDATE users SET last_login=? WHERE users.id = ?
2026-05-17 20:30:42,149 INFO sqlalchemy.engine.Engine [cached since 275.4s ago] ('2026-05-17 20:30:42.148039', 1)
2026-05-17 20:30:42,150 INFO sqlalchemy.engine.Engine COMMIT
INFO:     127.0.0.1:60865 - "POST /v1/auth/login HTTP/1.1" 200 OK
INFO:     127.0.0.1:60865 - "OPTIONS /v1/stats HTTP/1.1" 200 OK
2026-05-17 20:30:42,354 INFO sqlalchemy.engine.Engine BEGIN (implicit)
2026-05-17 20:30:42,355 INFO sqlalchemy.engine.Engine SELECT users.id, users.email, users.full_name, users.hashed_password, users.role, users.is_active, users.created_at, users.last_login 
FROM users 
WHERE users.id = ?
2026-05-17 20:30:42,355 INFO sqlalchemy.engine.Engine [cached since 306.9s ago] (1,)
INFO:     127.0.0.1:60865 - "GET /v1/stats HTTP/1.1" 200 OK
2026-05-17 20:30:45,978 INFO sqlalchemy.engine.Engine ROLLBACK
2026-05-17 20:30:45,982 INFO sqlalchemy.engine.Engine BEGIN (implicit)
2026-05-17 20:30:45,983 INFO sqlalchemy.engine.Engine SELECT users.id, users.email, users.full_name, users.hashed_password, users.role, users.is_active, users.created_at, users.last_login 
FROM users 
WHERE users.id = ?
2026-05-17 20:30:45,983 INFO sqlalchemy.engine.Engine [cached since 310.5s ago] (1,)
INFO:     127.0.0.1:60865 - "GET /v1/stats HTTP/1.1" 200 OK
2026-05-17 20:30:46,717 INFO sqlalchemy.engine.Engine ROLLBACK
INFO:     127.0.0.1:60093 - "OPTIONS /v1/ged/tree HTTP/1.1" 200 OK
INFO:     127.0.0.1:63305 - "OPTIONS /v1/ged/status HTTP/1.1" 200 OK
INFO:     127.0.0.1:59847 - "OPTIONS /v1/ged/tree HTTP/1.1" 200 OK
INFO:     127.0.0.1:63475 - "OPTIONS /v1/ged/status HTTP/1.1" 200 OK
INFO:     127.0.0.1:64524 - "OPTIONS /v1/ged/files?folder=cvs HTTP/1.1" 200 OK
INFO:     127.0.0.1:64917 - "OPTIONS /v1/ged/files?folder=cvs HTTP/1.1" 200 OK
2026-05-17 20:30:55,471 INFO sqlalchemy.engine.Engine BEGIN (implicit)
2026-05-17 20:30:55,472 INFO sqlalchemy.engine.Engine SELECT users.id, users.email, users.full_name, users.hashed_password, users.role, users.is_active, users.created_at, users.last_login 
FROM users 
WHERE users.id = ?
2026-05-17 20:30:55,472 INFO sqlalchemy.engine.Engine [cached since 320s ago] (1,)
2026-05-17 20:30:55,472 INFO sqlalchemy.engine.Engine BEGIN (implicit)
2026-05-17 20:30:55,473 INFO sqlalchemy.engine.Engine SELECT users.id, users.email, users.full_name, users.hashed_password, users.role, users.is_active, users.created_at, users.last_login 
FROM users 
WHERE users.id = ?
2026-05-17 20:30:55,473 INFO sqlalchemy.engine.Engine [cached since 320s ago] (1,)
INFO:     127.0.0.1:60093 - "GET /v1/ged/tree HTTP/1.1" 200 OK
2026-05-17 20:30:55,506 INFO sqlalchemy.engine.Engine ROLLBACK
2026-05-17 20:30:55,506 INFO sqlalchemy.engine.Engine BEGIN (implicit)
2026-05-17 20:30:55,507 INFO sqlalchemy.engine.Engine SELECT users.id, users.email, users.full_name, users.hashed_password, users.role, users.is_active, users.created_at, users.last_login 
FROM users 
WHERE users.id = ?
2026-05-17 20:30:55,507 INFO sqlalchemy.engine.Engine [cached since 320.1s ago] (1,)
2026-05-17 20:30:55,508 INFO sqlalchemy.engine.Engine BEGIN (implicit)
2026-05-17 20:30:55,527 INFO sqlalchemy.engine.Engine SELECT ged_entries.doc_id, ged_entries.file_path, ged_entries.hash_sha256, ged_entries.doc_type, ged_entries.last_indexed, ged_entries.vector_ids, ged_entries.is_active 
FROM ged_entries 
WHERE ged_entries.is_active = 1
2026-05-17 20:30:55,527 INFO sqlalchemy.engine.Engine [generated in 0.00129s] ()
2026-05-17 20:30:55,527 INFO sqlalchemy.engine.Engine BEGIN (implicit)
2026-05-17 20:30:55,527 INFO sqlalchemy.engine.Engine SELECT users.id, users.email, users.full_name, users.hashed_password, users.role, users.is_active, users.created_at, users.last_login 
FROM users 
WHERE users.id = ?
2026-05-17 20:30:55,527 INFO sqlalchemy.engine.Engine [cached since 320.1s ago] (1,)
INFO:     127.0.0.1:60093 - "GET /v1/ged/tree HTTP/1.1" 200 OK
2026-05-17 20:30:55,527 INFO sqlalchemy.engine.Engine ROLLBACK
2026-05-17 20:30:55,527 INFO sqlalchemy.engine.Engine BEGIN (implicit)
2026-05-17 20:30:55,527 INFO sqlalchemy.engine.Engine SELECT ged_entries.doc_id, ged_entries.file_path, ged_entries.hash_sha256, ged_entries.doc_type, ged_entries.last_indexed, ged_entries.vector_ids, ged_entries.is_active 
FROM ged_entries 
WHERE ged_entries.is_active = 1
2026-05-17 20:30:55,527 INFO sqlalchemy.engine.Engine [cached since 0.01235s ago] ()
2026-05-17 20:30:55,527 INFO sqlalchemy.engine.Engine ROLLBACK
INFO:     127.0.0.1:59847 - "GET /v1/ged/status HTTP/1.1" 200 OK
2026-05-17 20:30:55,566 INFO sqlalchemy.engine.Engine ROLLBACK
2026-05-17 20:30:55,566 INFO sqlalchemy.engine.Engine ROLLBACK
2026-05-17 20:30:55,567 INFO sqlalchemy.engine.Engine BEGIN (implicit)
2026-05-17 20:30:55,567 INFO sqlalchemy.engine.Engine SELECT users.id, users.email, users.full_name, users.hashed_password, users.role, users.is_active, users.created_at, users.last_login 
FROM users 
WHERE users.id = ?
2026-05-17 20:30:55,568 INFO sqlalchemy.engine.Engine [cached since 320.1s ago] (1,)
INFO:     127.0.0.1:64917 - "GET /v1/ged/files?folder=cvs HTTP/1.1" 200 OK
2026-05-17 20:30:55,574 INFO sqlalchemy.engine.Engine ROLLBACK
2026-05-17 20:30:55,576 INFO sqlalchemy.engine.Engine BEGIN (implicit)
2026-05-17 20:30:55,576 INFO sqlalchemy.engine.Engine SELECT users.id, users.email, users.full_name, users.hashed_password, users.role, users.is_active, users.created_at, users.last_login 
FROM users 
WHERE users.id = ?
2026-05-17 20:30:55,577 INFO sqlalchemy.engine.Engine [cached since 320.1s ago] (1,)
2026-05-17 20:30:55,577 INFO sqlalchemy.engine.Engine BEGIN (implicit)
2026-05-17 20:30:55,578 INFO sqlalchemy.engine.Engine SELECT ged_entries.doc_id, ged_entries.file_path, ged_entries.hash_sha256, ged_entries.doc_type, ged_entries.last_indexed, ged_entries.vector_ids, ged_entries.is_active 
FROM ged_entries 
WHERE ged_entries.is_active = 1
2026-05-17 20:30:55,578 INFO sqlalchemy.engine.Engine [cached since 0.05222s ago] ()
2026-05-17 20:30:55,578 INFO sqlalchemy.engine.Engine BEGIN (implicit)
2026-05-17 20:30:55,578 INFO sqlalchemy.engine.Engine SELECT ged_entries.doc_id, ged_entries.file_path, ged_entries.hash_sha256, ged_entries.doc_type, ged_entries.last_indexed, ged_entries.vector_ids, ged_entries.is_active 
FROM ged_entries 
WHERE ged_entries.is_active = 1
2026-05-17 20:30:55,579 INFO sqlalchemy.engine.Engine [cached since 0.0534s ago] ()
2026-05-17 20:30:55,579 INFO sqlalchemy.engine.Engine ROLLBACK
2026-05-17 20:30:55,581 INFO sqlalchemy.engine.Engine ROLLBACK
INFO:     127.0.0.1:59847 - "GET /v1/ged/status HTTP/1.1" 200 OK
2026-05-17 20:30:55,583 INFO sqlalchemy.engine.Engine ROLLBACK
INFO:     127.0.0.1:64917 - "GET /v1/ged/files?folder=cvs HTTP/1.1" 200 OK
2026-05-17 20:30:55,587 INFO sqlalchemy.engine.Engine ROLLBACK
INFO:     127.0.0.1:58816 - "OPTIONS /v1/auth/login HTTP/1.1" 200 OK
2026-05-17 20:31:29,662 INFO sqlalchemy.engine.Engine BEGIN (implicit)
2026-05-17 20:31:29,662 INFO sqlalchemy.engine.Engine SELECT users.id, users.email, users.full_name, users.hashed_password, users.role, users.is_active, users.created_at, users.last_login 
FROM users 
WHERE users.email = ?
2026-05-17 20:31:29,662 INFO sqlalchemy.engine.Engine [cached since 323.1s ago] ('dtraore@neuronestech.com',)
2026-05-17 20:31:29,905 INFO sqlalchemy.engine.Engine UPDATE users SET last_login=? WHERE users.id = ?
2026-05-17 20:31:29,905 INFO sqlalchemy.engine.Engine [cached since 323.2s ago] ('2026-05-17 20:31:29.901423', 1)
2026-05-17 20:31:29,914 INFO sqlalchemy.engine.Engine COMMIT
INFO:     127.0.0.1:58816 - "POST /v1/auth/login HTTP/1.1" 200 OK
INFO:     127.0.0.1:58816 - "OPTIONS /v1/stats HTTP/1.1" 200 OK
INFO:     127.0.0.1:58914 - "OPTIONS /v1/stats HTTP/1.1" 200 OK
2026-05-17 20:31:30,436 INFO sqlalchemy.engine.Engine BEGIN (implicit)
2026-05-17 20:31:30,437 INFO sqlalchemy.engine.Engine SELECT users.id, users.email, users.full_name, users.hashed_password, users.role, users.is_active, users.created_at, users.last_login 
FROM users 
WHERE users.id = ?
2026-05-17 20:31:30,437 INFO sqlalchemy.engine.Engine [cached since 355s ago] (1,)
INFO:     127.0.0.1:58914 - "GET /v1/stats HTTP/1.1" 200 OK
2026-05-17 20:31:31,666 INFO sqlalchemy.engine.Engine ROLLBACK
2026-05-17 20:31:31,670 INFO sqlalchemy.engine.Engine BEGIN (implicit)
2026-05-17 20:31:31,672 INFO sqlalchemy.engine.Engine SELECT users.id, users.email, users.full_name, users.hashed_password, users.role, users.is_active, users.created_at, users.last_login 
FROM users 
WHERE users.id = ?
2026-05-17 20:31:31,673 INFO sqlalchemy.engine.Engine [cached since 356.2s ago] (1,)
INFO:     127.0.0.1:58816 - "GET /v1/stats HTTP/1.1" 200 OK
2026-05-17 20:31:32,732 INFO sqlalchemy.engine.Engine ROLLBACK
INFO:     127.0.0.1:54230 - "OPTIONS /v1/veille/feed?limit=100 HTTP/1.1" 200 OK
INFO:     127.0.0.1:50387 - "OPTIONS /v1/veille/feed?limit=100 HTTP/1.1" 200 OK
INFO:     127.0.0.1:56562 - "OPTIONS /v1/veille/sources HTTP/1.1" 200 OK
INFO:     127.0.0.1:64172 - "OPTIONS /v1/veille/stats HTTP/1.1" 200 OK
INFO:     127.0.0.1:61372 - "OPTIONS /v1/veille/sources HTTP/1.1" 200 OK
INFO:     127.0.0.1:55788 - "OPTIONS /v1/veille/stats HTTP/1.1" 200 OK
2026-05-17 20:31:41,709 INFO sqlalchemy.engine.Engine BEGIN (implicit)
2026-05-17 20:31:41,711 INFO sqlalchemy.engine.Engine SELECT users.id, users.email, users.full_name, users.hashed_password, users.role, users.is_active, users.created_at, users.last_login 
FROM users 
WHERE users.id = ?
2026-05-17 20:31:41,711 INFO sqlalchemy.engine.Engine [cached since 366.3s ago] (1,)
2026-05-17 20:31:41,714 INFO sqlalchemy.engine.Engine BEGIN (implicit)
2026-05-17 20:31:41,715 INFO sqlalchemy.engine.Engine SELECT users.id, users.email, users.full_name, users.hashed_password, users.role, users.is_active, users.created_at, users.last_login 
FROM users 
WHERE users.id = ?
2026-05-17 20:31:41,716 INFO sqlalchemy.engine.Engine [cached since 366.3s ago] (1,)
2026-05-17 20:31:41,730 INFO sqlalchemy.engine.Engine BEGIN (implicit)
2026-05-17 20:31:41,732 INFO sqlalchemy.engine.Engine SELECT users.id, users.email, users.full_name, users.hashed_password, users.role, users.is_active, users.created_at, users.last_login 
FROM users 
WHERE users.id = ?
2026-05-17 20:31:41,732 INFO sqlalchemy.engine.Engine [cached since 366.3s ago] (1,)
2026-05-17 20:31:41,753 INFO sqlalchemy.engine.Engine BEGIN (implicit)
2026-05-17 20:31:41,786 INFO sqlalchemy.engine.Engine SELECT veille_entries.id, veille_entries.source_id, veille_entries.title, veille_entries.url, veille_entries.description, veille_entries.published_at, veille_entries.detected_at, veille_entries.status, veille_entries.estimated_budget, veille_entries.deadline, veille_entries.country, veille_entries.relevance_score 
FROM veille_entries ORDER BY veille_entries.detected_at DESC
 LIMIT ? OFFSET ?
2026-05-17 20:31:41,788 INFO sqlalchemy.engine.Engine [generated in 0.00220s] (100, 0)
2026-05-17 20:31:41,819 INFO sqlalchemy.engine.Engine BEGIN (implicit)
2026-05-17 20:31:41,820 INFO sqlalchemy.engine.Engine SELECT veille_entries.id, veille_entries.source_id, veille_entries.title, veille_entries.url, veille_entries.description, veille_entries.published_at, veille_entries.detected_at, veille_entries.status, veille_entries.estimated_budget, veille_entries.deadline, veille_entries.country, veille_entries.relevance_score 
FROM veille_entries
2026-05-17 20:31:41,821 INFO sqlalchemy.engine.Engine [cached since 366.4s ago] ()
2026-05-17 20:31:41,822 INFO sqlalchemy.engine.Engine BEGIN (implicit)
2026-05-17 20:31:41,824 INFO sqlalchemy.engine.Engine SELECT veille_sources.id, veille_sources.name, veille_sources.url, veille_sources.feed_type, veille_sources.keywords, veille_sources.active, veille_sources.created_at, veille_sources.last_scan 
FROM veille_sources ORDER BY veille_sources.id
2026-05-17 20:31:41,824 INFO sqlalchemy.engine.Engine [cached since 320.7s ago] ()
2026-05-17 20:31:41,827 INFO sqlalchemy.engine.Engine ROLLBACK
INFO:     127.0.0.1:54230 - "GET /v1/veille/feed?limit=100 HTTP/1.1" 200 OK
2026-05-17 20:31:41,833 INFO sqlalchemy.engine.Engine ROLLBACK
2026-05-17 20:31:41,837 INFO sqlalchemy.engine.Engine BEGIN (implicit)
2026-05-17 20:31:41,838 INFO sqlalchemy.engine.Engine SELECT users.id, users.email, users.full_name, users.hashed_password, users.role, users.is_active, users.created_at, users.last_login 
FROM users 
WHERE users.id = ?
2026-05-17 20:31:41,839 INFO sqlalchemy.engine.Engine [cached since 366.4s ago] (1,)
2026-05-17 20:31:41,843 INFO sqlalchemy.engine.Engine ROLLBACK
2026-05-17 20:31:41,843 INFO sqlalchemy.engine.Engine ROLLBACK
INFO:     127.0.0.1:56562 - "GET /v1/veille/stats HTTP/1.1" 200 OK
INFO:     127.0.0.1:64172 - "GET /v1/veille/sources HTTP/1.1" 200 OK
2026-05-17 20:31:41,846 INFO sqlalchemy.engine.Engine ROLLBACK
2026-05-17 20:31:41,846 INFO sqlalchemy.engine.Engine ROLLBACK
2026-05-17 20:31:41,846 INFO sqlalchemy.engine.Engine BEGIN (implicit)
2026-05-17 20:31:41,846 INFO sqlalchemy.engine.Engine SELECT veille_entries.id, veille_entries.source_id, veille_entries.title, veille_entries.url, veille_entries.description, veille_entries.published_at, veille_entries.detected_at, veille_entries.status, veille_entries.estimated_budget, veille_entries.deadline, veille_entries.country, veille_entries.relevance_score 
FROM veille_entries ORDER BY veille_entries.detected_at DESC
 LIMIT ? OFFSET ?
2026-05-17 20:31:41,846 INFO sqlalchemy.engine.Engine [cached since 0.07184s ago] (100, 0)
2026-05-17 20:31:41,860 INFO sqlalchemy.engine.Engine BEGIN (implicit)
2026-05-17 20:31:41,861 INFO sqlalchemy.engine.Engine SELECT users.id, users.email, users.full_name, users.hashed_password, users.role, users.is_active, users.created_at, users.last_login 
FROM users 
WHERE users.id = ?
2026-05-17 20:31:41,862 INFO sqlalchemy.engine.Engine [cached since 366.4s ago] (1,)
2026-05-17 20:31:41,865 INFO sqlalchemy.engine.Engine BEGIN (implicit)
2026-05-17 20:31:41,867 INFO sqlalchemy.engine.Engine SELECT users.id, users.email, users.full_name, users.hashed_password, users.role, users.is_active, users.created_at, users.last_login 
FROM users 
WHERE users.id = ?
2026-05-17 20:31:41,867 INFO sqlalchemy.engine.Engine [cached since 366.4s ago] (1,)
2026-05-17 20:31:41,871 INFO sqlalchemy.engine.Engine BEGIN (implicit)
2026-05-17 20:31:41,872 INFO sqlalchemy.engine.Engine SELECT veille_sources.id, veille_sources.name, veille_sources.url, veille_sources.feed_type, veille_sources.keywords, veille_sources.active, veille_sources.created_at, veille_sources.last_scan 
FROM veille_sources ORDER BY veille_sources.id
2026-05-17 20:31:41,872 INFO sqlalchemy.engine.Engine [cached since 320.7s ago] ()
2026-05-17 20:31:41,874 INFO sqlalchemy.engine.Engine BEGIN (implicit)
2026-05-17 20:31:41,875 INFO sqlalchemy.engine.Engine SELECT veille_entries.id, veille_entries.source_id, veille_entries.title, veille_entries.url, veille_entries.description, veille_entries.published_at, veille_entries.detected_at, veille_entries.status, veille_entries.estimated_budget, veille_entries.deadline, veille_entries.country, veille_entries.relevance_score 
FROM veille_entries
2026-05-17 20:31:41,876 INFO sqlalchemy.engine.Engine [cached since 366.4s ago] ()
2026-05-17 20:31:41,879 INFO sqlalchemy.engine.Engine ROLLBACK
2026-05-17 20:31:41,882 INFO sqlalchemy.engine.Engine ROLLBACK
INFO:     127.0.0.1:55788 - "GET /v1/veille/feed?limit=100 HTTP/1.1" 200 OK
2026-05-17 20:31:41,885 INFO sqlalchemy.engine.Engine ROLLBACK
2026-05-17 20:31:41,886 INFO sqlalchemy.engine.Engine ROLLBACK
INFO:     127.0.0.1:56562 - "GET /v1/veille/sources HTTP/1.1" 200 OK
INFO:     127.0.0.1:54230 - "GET /v1/veille/stats HTTP/1.1" 200 OK
2026-05-17 20:31:41,890 INFO sqlalchemy.engine.Engine ROLLBACK
2026-05-17 20:31:41,890 INFO sqlalchemy.engine.Engine ROLLBACK
INFO:     127.0.0.1:59836 - "OPTIONS /v1/chat/query HTTP/1.1" 200 OK
2026-05-17 20:32:17,602 INFO sqlalchemy.engine.Engine BEGIN (implicit)
2026-05-17 20:32:17,604 INFO sqlalchemy.engine.Engine SELECT users.id, users.email, users.full_name, users.hashed_password, users.role, users.is_active, users.created_at, users.last_login 
FROM users 
WHERE users.id = ?
2026-05-17 20:32:17,605 INFO sqlalchemy.engine.Engine [cached since 402.2s ago] (1,)
INFO:     127.0.0.1:59836 - "POST /v1/chat/query HTTP/1.1" 200 OK
2026-05-17 20:32:17,641 INFO sqlalchemy.engine.Engine BEGIN (implicit)
2026-05-17 20:32:17,661 INFO sqlalchemy.engine.Engine SELECT conversations.id, conversations.session_id, conversations.user_id, conversations.role, conversations.content, conversations.created_at 
FROM conversations 
WHERE conversations.session_id = ? AND conversations.user_id = ? ORDER BY conversations.created_at DESC
 LIMIT ? OFFSET ?
2026-05-17 20:32:17,662 INFO sqlalchemy.engine.Engine [generated in 0.00124s] ('e70d629c-c4b1-4d62-a31c-497305814bb6', 1, 12, 0)
2026-05-17 20:32:17,682 INFO sqlalchemy.engine.Engine ROLLBACK
2026-05-17 20:32:17,738 INFO sqlalchemy.engine.Engine ROLLBACK
2026-05-17 20:33:18,464 INFO sqlalchemy.engine.Engine BEGIN (implicit)
2026-05-17 20:33:18,468 INFO sqlalchemy.engine.Engine SELECT users.id, users.email, users.full_name, users.hashed_password, users.role, users.is_active, users.created_at, users.last_login 
FROM users 
WHERE users.id = ?
2026-05-17 20:33:18,470 INFO sqlalchemy.engine.Engine [cached since 463s ago] (1,)
INFO:     127.0.0.1:60341 - "POST /v1/chat/query HTTP/1.1" 200 OK
2026-05-17 20:33:18,516 INFO sqlalchemy.engine.Engine BEGIN (implicit)
2026-05-17 20:33:18,519 INFO sqlalchemy.engine.Engine SELECT conversations.id, conversations.session_id, conversations.user_id, conversations.role, conversations.content, conversations.created_at 
FROM conversations 
WHERE conversations.session_id = ? AND conversations.user_id = ? ORDER BY conversations.created_at DESC
 LIMIT ? OFFSET ?
2026-05-17 20:33:18,520 INFO sqlalchemy.engine.Engine [cached since 60.86s ago] ('e70d629c-c4b1-4d62-a31c-497305814bb6', 1, 12, 0)
2026-05-17 20:33:18,565 INFO sqlalchemy.engine.Engine ROLLBACK
INFO:     127.0.0.1:56083 - "OPTIONS /v1/ged/tree HTTP/1.1" 200 OK
INFO:     127.0.0.1:56083 - "OPTIONS /v1/ged/status HTTP/1.1" 200 OK
INFO:     127.0.0.1:56083 - "OPTIONS /v1/ged/files?folder=cvs HTTP/1.1" 200 OK
INFO:     127.0.0.1:56083 - "OPTIONS /v1/ged/tree HTTP/1.1" 200 OK
INFO:     127.0.0.1:56083 - "OPTIONS /v1/ged/status HTTP/1.1" 200 OK
INFO:     127.0.0.1:56083 - "OPTIONS /v1/ged/files?folder=cvs HTTP/1.1" 200 OK
2026-05-17 20:34:08,904 INFO sqlalchemy.engine.Engine BEGIN (implicit)
2026-05-17 20:34:08,910 INFO sqlalchemy.engine.Engine SELECT users.id, users.email, users.full_name, users.hashed_password, users.role, users.is_active, users.created_at, users.last_login 
FROM users 
WHERE users.id = ?
2026-05-17 20:34:08,912 INFO sqlalchemy.engine.Engine [cached since 513.5s ago] (1,)
INFO:     127.0.0.1:56083 - "GET /v1/ged/tree HTTP/1.1" 200 OK
2026-05-17 20:34:08,952 INFO sqlalchemy.engine.Engine ROLLBACK
2026-05-17 20:34:08,956 INFO sqlalchemy.engine.Engine BEGIN (implicit)
2026-05-17 20:34:08,956 INFO sqlalchemy.engine.Engine SELECT users.id, users.email, users.full_name, users.hashed_password, users.role, users.is_active, users.created_at, users.last_login 
FROM users 
WHERE users.id = ?
2026-05-17 20:34:08,956 INFO sqlalchemy.engine.Engine [cached since 513.5s ago] (1,)
2026-05-17 20:34:08,967 INFO sqlalchemy.engine.Engine BEGIN (implicit)
2026-05-17 20:34:08,969 INFO sqlalchemy.engine.Engine SELECT ged_entries.doc_id, ged_entries.file_path, ged_entries.hash_sha256, ged_entries.doc_type, ged_entries.last_indexed, ged_entries.vector_ids, ged_entries.is_active 
FROM ged_entries 
WHERE ged_entries.is_active = 1
2026-05-17 20:34:08,969 INFO sqlalchemy.engine.Engine [cached since 193.4s ago] ()
2026-05-17 20:34:08,985 INFO sqlalchemy.engine.Engine ROLLBACK
INFO:     127.0.0.1:56083 - "GET /v1/ged/status HTTP/1.1" 200 OK
2026-05-17 20:34:08,996 INFO sqlalchemy.engine.Engine ROLLBACK
2026-05-17 20:34:09,001 INFO sqlalchemy.engine.Engine BEGIN (implicit)
2026-05-17 20:34:09,002 INFO sqlalchemy.engine.Engine SELECT users.id, users.email, users.full_name, users.hashed_password, users.role, users.is_active, users.created_at, users.last_login 
FROM users 
WHERE users.id = ?
2026-05-17 20:34:09,002 INFO sqlalchemy.engine.Engine [cached since 513.5s ago] (1,)
2026-05-17 20:34:09,011 INFO sqlalchemy.engine.Engine BEGIN (implicit)
2026-05-17 20:34:09,013 INFO sqlalchemy.engine.Engine SELECT ged_entries.doc_id, ged_entries.file_path, ged_entries.hash_sha256, ged_entries.doc_type, ged_entries.last_indexed, ged_entries.vector_ids, ged_entries.is_active 
FROM ged_entries 
WHERE ged_entries.is_active = 1
2026-05-17 20:34:09,013 INFO sqlalchemy.engine.Engine [cached since 193.5s ago] ()
2026-05-17 20:34:09,018 INFO sqlalchemy.engine.Engine ROLLBACK
INFO:     127.0.0.1:56083 - "GET /v1/ged/files?folder=cvs HTTP/1.1" 200 OK
2026-05-17 20:34:09,048 INFO sqlalchemy.engine.Engine ROLLBACK
2026-05-17 20:34:09,051 INFO sqlalchemy.engine.Engine BEGIN (implicit)
2026-05-17 20:34:09,052 INFO sqlalchemy.engine.Engine SELECT users.id, users.email, users.full_name, users.hashed_password, users.role, users.is_active, users.created_at, users.last_login 
FROM users 
WHERE users.id = ?
2026-05-17 20:34:09,053 INFO sqlalchemy.engine.Engine [cached since 513.6s ago] (1,)
INFO:     127.0.0.1:56083 - "GET /v1/ged/tree HTTP/1.1" 200 OK
2026-05-17 20:34:09,062 INFO sqlalchemy.engine.Engine ROLLBACK
2026-05-17 20:34:09,065 INFO sqlalchemy.engine.Engine BEGIN (implicit)
2026-05-17 20:34:09,067 INFO sqlalchemy.engine.Engine SELECT users.id, users.email, users.full_name, users.hashed_password, users.role, users.is_active, users.created_at, users.last_login 
FROM users 
WHERE users.id = ?
2026-05-17 20:34:09,067 INFO sqlalchemy.engine.Engine [cached since 513.6s ago] (1,)
2026-05-17 20:34:09,068 INFO sqlalchemy.engine.Engine BEGIN (implicit)
2026-05-17 20:34:09,070 INFO sqlalchemy.engine.Engine SELECT ged_entries.doc_id, ged_entries.file_path, ged_entries.hash_sha256, ged_entries.doc_type, ged_entries.last_indexed, ged_entries.vector_ids, ged_entries.is_active 
FROM ged_entries 
WHERE ged_entries.is_active = 1
2026-05-17 20:34:09,070 INFO sqlalchemy.engine.Engine [cached since 193.5s ago] ()
2026-05-17 20:34:09,071 INFO sqlalchemy.engine.Engine ROLLBACK
INFO:     127.0.0.1:56083 - "GET /v1/ged/status HTTP/1.1" 200 OK
2026-05-17 20:34:09,076 INFO sqlalchemy.engine.Engine ROLLBACK
2026-05-17 20:34:09,082 INFO sqlalchemy.engine.Engine BEGIN (implicit)
2026-05-17 20:34:09,082 INFO sqlalchemy.engine.Engine SELECT users.id, users.email, users.full_name, users.hashed_password, users.role, users.is_active, users.created_at, users.last_login 
FROM users 
WHERE users.id = ?
2026-05-17 20:34:09,083 INFO sqlalchemy.engine.Engine [cached since 513.6s ago] (1,)
2026-05-17 20:34:09,084 INFO sqlalchemy.engine.Engine BEGIN (implicit)
2026-05-17 20:34:09,085 INFO sqlalchemy.engine.Engine SELECT ged_entries.doc_id, ged_entries.file_path, ged_entries.hash_sha256, ged_entries.doc_type, ged_entries.last_indexed, ged_entries.vector_ids, ged_entries.is_active 
FROM ged_entries 
WHERE ged_entries.is_active = 1
2026-05-17 20:34:09,085 INFO sqlalchemy.engine.Engine [cached since 193.6s ago] ()
2026-05-17 20:34:09,087 INFO sqlalchemy.engine.Engine ROLLBACK
INFO:     127.0.0.1:56083 - "GET /v1/ged/files?folder=cvs HTTP/1.1" 200 OK
2026-05-17 20:34:09,099 INFO sqlalchemy.engine.Engine ROLLBACK
INFO:     127.0.0.1:62624 - "OPTIONS /v1/presales/score HTTP/1.1" 200 OK
2026-05-17 20:34:41,666 INFO sqlalchemy.engine.Engine BEGIN (implicit)
2026-05-17 20:34:41,674 INFO sqlalchemy.engine.Engine SELECT users.id, users.email, users.full_name, users.hashed_password, users.role, users.is_active, users.created_at, users.last_login 
FROM users 
WHERE users.id = ?
2026-05-17 20:34:41,676 INFO sqlalchemy.engine.Engine [cached since 546.2s ago] (1,)
 INFO:     127.0.0.1:64171 - "GET /health HTTP/1.1" 404 Not Found
2026-05-17 20:39:26,003 INFO sqlalchemy.engine.Engine BEGIN (implicit)
2026-05-17 20:39:26,008 INFO sqlalchemy.engine.Engine SELECT sale_orders.order_id, sale_orders.odoo_id, sale_orders.client_id, sale_orders.client_name, sale_orders.name, sale_orders.amount, sale_orders.currency, sale_orders.date_order, sale_orders.state, sale_orders.synced_at, clients.client_id AS client_id_1, clients.odoo_id AS odoo_id_1, clients.name AS name_1, clients.sector, clients.solvency_score, clients.contact_email, clients.synced_at AS synced_at_1 
FROM sale_orders LEFT OUTER JOIN clients ON sale_orders.client_id = clients.client_id ORDER BY sale_orders.date_order DESC
 LIMIT ? OFFSET ?
2026-05-17 20:39:26,008 INFO sqlalchemy.engine.Engine [generated in 0.00056s] (10, 0)
2026-05-17 20:39:26,037 INFO sqlalchemy.engine.Engine ROLLBACK
2026-05-17 20:39:29,638 INFO sqlalchemy.engine.Engine BEGIN (implicit)
2026-05-17 20:39:29,643 INFO sqlalchemy.engine.Engine INSERT INTO conversations (session_id, user_id, role, content, created_at) VALUES (?, ?, ?, ?, ?) RETURNING id
2026-05-17 20:39:29,644 INFO sqlalchemy.engine.Engine [generated in 0.00085s (insertmanyvalues) 1/2 (ordered; batch not supported)] ('e70d629c-c4b1-4d62-a31c-497305814bb6', 1, 'user', 'parle moi de nos dernières commandes client\r\n', '2026-05-17 20:39:29.642356')
2026-05-17 20:39:29,662 INFO sqlalchemy.engine.Engine INSERT INTO conversations (session_id, user_id, role, content, created_at) VALUES (?, ?, ?, ?, ?) RETURNING id
2026-05-17 20:39:29,662 INFO sqlalchemy.engine.Engine [insertmanyvalues 2/2 (ordered; batch not supported)] ('e70d629c-c4b1-4d62-a31c-497305814bb6', 1, 'assistant', 'Voici nos **10 dernières commandes clients** :\n\n| Référence | Client | Montant (XOF) | Date | État |\n|-----------|--------|---------------|------| ... (926 characters truncated) ... ntifié (marquées par « — »)\n- Toutes les commandes sont confirmées (état "sale")\n\nSouhaitez-vous plus de détails sur une commande en particulier ?', '2026-05-17 20:39:29.642356')
2026-05-17 20:39:29,665 INFO sqlalchemy.engine.Engine COMMIT
2026-05-17 20:39:29,669 INFO sqlalchemy.engine.Engine ROLLBACK
INFO:     127.0.0.1:62624 - "POST /v1/presales/score HTTP/1.1" 200 OK
2026-05-17 20:39:40,562 INFO sqlalchemy.engine.Engine ROLLBACK
INFO:     127.0.0.1:50854 - "POST /v1/presales/match-team HTTP/1.1" 200 OK
2026-05-17 20:41:24,759 INFO sqlalchemy.engine.Engine ROLLBACK
 INFO:     127.0.0.1:63842 - "GET /v1/health HTTP/1.1" 200 OK
INFO:     127.0.0.1:61209 - "OPTIONS /v1/presales/bid-strategy HTTP/1.1" 200 OK
2026-05-17 20:41:47,279 INFO sqlalchemy.engine.Engine BEGIN (implicit)
2026-05-17 20:41:47,284 INFO sqlalchemy.engine.Engine SELECT users.id, users.email, users.full_name, users.hashed_password, users.role, users.is_active, users.created_at, users.last_login 
FROM users 
WHERE users.id = ?
2026-05-17 20:41:47,284 INFO sqlalchemy.engine.Engine [generated in 0.00034s] (1,)
2026-05-17 20:41:47,285 INFO sqlalchemy.engine.Engine BEGIN (implicit)
2026-05-17 20:41:47,285 INFO sqlalchemy.engine.Engine SELECT users.id, users.email, users.full_name, users.hashed_password, users.role, users.is_active, users.created_at, users.last_login 
FROM users 
WHERE users.id = ?
2026-05-17 20:41:47,285 INFO sqlalchemy.engine.Engine [cached since 0.001488s ago] (1,)
2026-05-17 20:41:47,294 INFO sqlalchemy.engine.Engine BEGIN (implicit)
2026-05-17 20:41:47,295 INFO sqlalchemy.engine.Engine SELECT veille_entries.id, veille_entries.source_id, veille_entries.title, veille_entries.url, veille_entries.description, veille_entries.published_at, veille_entries.detected_at, veille_entries.status, veille_entries.estimated_budget, veille_entries.deadline, veille_entries.country, veille_entries.relevance_score 
FROM veille_entries
2026-05-17 20:41:47,295 INFO sqlalchemy.engine.Engine [generated in 0.00026s] ()
2026-05-17 20:41:47,296 INFO sqlalchemy.engine.Engine ROLLBACK
INFO:     127.0.0.1:57593 - "GET /v1/veille/stats HTTP/1.1" 200 OK
2026-05-17 20:41:47,297 INFO sqlalchemy.engine.Engine ROLLBACK
2026-05-17 20:41:47,312 INFO sqlalchemy.engine.Engine BEGIN (implicit)
2026-05-17 20:41:47,313 INFO sqlalchemy.engine.Engine SELECT users.id, users.email, users.full_name, users.hashed_password, users.role, users.is_active, users.created_at, users.last_login 
FROM users 
WHERE users.id = ?
2026-05-17 20:41:47,313 INFO sqlalchemy.engine.Engine [cached since 0.02989s ago] (1,)
2026-05-17 20:41:47,315 INFO sqlalchemy.engine.Engine BEGIN (implicit)
2026-05-17 20:41:47,316 INFO sqlalchemy.engine.Engine SELECT veille_sources.id, veille_sources.name, veille_sources.url, veille_sources.feed_type, veille_sources.keywords, veille_sources.active, veille_sources.created_at, veille_sources.last_scan 
FROM veille_sources
2026-05-17 20:41:47,316 INFO sqlalchemy.engine.Engine [generated in 0.00049s] ()
2026-05-17 20:41:47,318 INFO sqlalchemy.engine.Engine ROLLBACK
INFO:     127.0.0.1:57593 - "POST /v1/veille/init-demo HTTP/1.1" 200 OK
2026-05-17 20:41:47,319 INFO sqlalchemy.engine.Engine ROLLBACK
2026-05-17 20:41:47,322 INFO sqlalchemy.engine.Engine BEGIN (implicit)
2026-05-17 20:41:47,322 INFO sqlalchemy.engine.Engine SELECT users.id, users.email, users.full_name, users.hashed_password, users.role, users.is_active, users.created_at, users.last_login 
FROM users 
WHERE users.id = ?
2026-05-17 20:41:47,322 INFO sqlalchemy.engine.Engine [cached since 0.03929s ago] (1,)
2026-05-17 20:41:47,324 INFO sqlalchemy.engine.Engine BEGIN (implicit)
2026-05-17 20:41:47,325 INFO sqlalchemy.engine.Engine SELECT veille_sources.id, veille_sources.name, veille_sources.url, veille_sources.feed_type, veille_sources.keywords, veille_sources.active, veille_sources.created_at, veille_sources.last_scan 
FROM veille_sources ORDER BY veille_sources.id
2026-05-17 20:41:47,325 INFO sqlalchemy.engine.Engine [generated in 0.00022s] ()
2026-05-17 20:41:47,326 INFO sqlalchemy.engine.Engine ROLLBACK
INFO:     127.0.0.1:57593 - "GET /v1/veille/sources HTTP/1.1" 200 OK
2026-05-17 20:41:47,327 INFO sqlalchemy.engine.Engine ROLLBACK
INFO:     127.0.0.1:61209 - "POST /v1/presales/bid-strategy HTTP/1.1" 200 OK
2026-05-17 20:42:23,299 INFO sqlalchemy.engine.Engine ROLLBACK
INFO:     127.0.0.1:49896 - "OPTIONS /v1/presales/generate HTTP/1.1" 200 OK
2026-05-17 20:43:33,283 INFO sqlalchemy.engine.Engine BEGIN (implicit)
2026-05-17 20:43:33,296 INFO sqlalchemy.engine.Engine SELECT users.id, users.email, users.full_name, users.hashed_password, users.role, users.is_active, users.created_at, users.last_login 
FROM users 
WHERE users.id = ?
2026-05-17 20:43:33,298 INFO sqlalchemy.engine.Engine [cached since 106s ago] (1,)
INFO:     127.0.0.1:49896 - "POST /v1/presales/generate HTTP/1.1" 200 OK
2026-05-17 20:44:06,289 INFO sqlalchemy.engine.Engine ROLLBACK
2026-05-17 20:44:06,310 INFO sqlalchemy.engine.Engine BEGIN (implicit)
2026-05-17 20:44:06,361 INFO sqlalchemy.engine.Engine SELECT ged_entries.doc_id, ged_entries.file_path, ged_entries.hash_sha256, ged_entries.doc_type, ged_entries.last_indexed, ged_entries.vector_ids, ged_entries.is_active 
FROM ged_entries 
WHERE ged_entries.file_path = ?
2026-05-17 20:44:06,362 INFO sqlalchemy.engine.Engine [generated in 0.00168s] ('D:\\Neurones-IA\\data\\ged\\offres-techniques\\TEMPLATE\\Digitalisation\\OFFRE_TECHNIQUE_TEMPLATE.docx',)
2026-05-17 20:44:06,376 INFO sqlalchemy.engine.Engine ROLLBACK
  INFO:     127.0.0.1:57396 - "OPTIONS /v1/ged/status HTTP/1.1" 200 OK
INFO:     127.0.0.1:64343 - "OPTIONS /v1/ged/files?folder=cvs HTTP/1.1" 200 OK
INFO:     127.0.0.1:54678 - "OPTIONS /v1/ged/tree HTTP/1.1" 200 OK
2026-05-17 20:48:09,234 INFO sqlalchemy.engine.Engine BEGIN (implicit)
2026-05-17 20:48:09,534 INFO sqlalchemy.engine.Engine SELECT users.id, users.email, users.full_name, users.hashed_password, users.role, users.is_active, users.created_at, users.last_login 
FROM users 
WHERE users.id = ?
2026-05-17 20:48:09,541 INFO sqlalchemy.engine.Engine [generated in 0.02976s] (1,)
2026-05-17 20:48:09,541 INFO sqlalchemy.engine.Engine BEGIN (implicit)
2026-05-17 20:48:09,541 INFO sqlalchemy.engine.Engine SELECT users.id, users.email, users.full_name, users.hashed_password, users.role, users.is_active, users.created_at, users.last_login 
FROM users 
WHERE users.id = ?
2026-05-17 20:48:09,541 INFO sqlalchemy.engine.Engine [cached since 0.03981s ago] (1,)
2026-05-17 20:48:09,638 INFO sqlalchemy.engine.Engine BEGIN (implicit)
2026-05-17 20:48:09,648 INFO sqlalchemy.engine.Engine SELECT ged_entries.doc_id, ged_entries.file_path, ged_entries.hash_sha256, ged_entries.doc_type, ged_entries.last_indexed, ged_entries.vector_ids, ged_entries.is_active 
FROM ged_entries 
WHERE ged_entries.is_active = 1
2026-05-17 20:48:09,649 INFO sqlalchemy.engine.Engine [generated in 0.00137s] ()
2026-05-17 20:48:09,650 INFO sqlalchemy.engine.Engine BEGIN (implicit)
2026-05-17 20:48:09,651 INFO sqlalchemy.engine.Engine SELECT ged_entries.doc_id, ged_entries.file_path, ged_entries.hash_sha256, ged_entries.doc_type, ged_entries.last_indexed, ged_entries.vector_ids, ged_entries.is_active 
FROM ged_entries 
WHERE ged_entries.is_active = 1
2026-05-17 20:48:09,651 INFO sqlalchemy.engine.Engine [cached since 0.003764s ago] ()
2026-05-17 20:48:09,664 INFO sqlalchemy.engine.Engine ROLLBACK
2026-05-17 20:48:09,664 INFO sqlalchemy.engine.Engine ROLLBACK
INFO:     127.0.0.1:51881 - "GET /v1/ged/files?folder=cvs HTTP/1.1" 200 OK
2026-05-17 20:48:09,727 INFO sqlalchemy.engine.Engine ROLLBACK
INFO:     127.0.0.1:57396 - "GET /v1/ged/status HTTP/1.1" 200 OK
2026-05-17 20:48:09,732 INFO sqlalchemy.engine.Engine ROLLBACK
 2026-05-17 20:48:39,439 INFO sqlalchemy.engine.Engine BEGIN (implicit)
2026-05-17 20:48:39,451 INFO sqlalchemy.engine.Engine SELECT users.id, users.email, users.full_name, users.hashed_password, users.role, users.is_active, users.created_at, users.last_login 
FROM users 
WHERE users.id = ?
2026-05-17 20:48:39,452 INFO sqlalchemy.engine.Engine [generated in 0.00058s] (1,)
INFO:     127.0.0.1:61346 - "GET /v1/ged/tree HTTP/1.1" 200 OK
2026-05-17 20:48:39,476 INFO sqlalchemy.engine.Engine ROLLBACK
INFO:     127.0.0.1:52063 - "OPTIONS /v1/veille/sources HTTP/1.1" 200 OK
INFO:     127.0.0.1:53582 - "OPTIONS /v1/veille/feed?limit=100 HTTP/1.1" 200 OK
INFO:     127.0.0.1:55008 - "OPTIONS /v1/veille/feed?limit=100 HTTP/1.1" 200 OK
INFO:     127.0.0.1:59453 - "OPTIONS /v1/veille/stats HTTP/1.1" 200 OK
INFO:     127.0.0.1:52924 - "OPTIONS /v1/veille/stats HTTP/1.1" 200 OK
INFO:     127.0.0.1:63762 - "OPTIONS /v1/veille/sources HTTP/1.1" 200 OK
2026-05-17 20:48:56,788 INFO sqlalchemy.engine.Engine BEGIN (implicit)
2026-05-17 20:48:56,789 INFO sqlalchemy.engine.Engine SELECT users.id, users.email, users.full_name, users.hashed_password, users.role, users.is_active, users.created_at, users.last_login 
FROM users 
WHERE users.id = ?
2026-05-17 20:48:56,790 INFO sqlalchemy.engine.Engine [cached since 17.34s ago] (1,)
2026-05-17 20:48:56,792 INFO sqlalchemy.engine.Engine BEGIN (implicit)
2026-05-17 20:48:56,792 INFO sqlalchemy.engine.Engine SELECT users.id, users.email, users.full_name, users.hashed_password, users.role, users.is_active, users.created_at, users.last_login 
FROM users 
WHERE users.id = ?
2026-05-17 20:48:56,792 INFO sqlalchemy.engine.Engine [cached since 17.36s ago] (1,)
2026-05-17 20:48:56,808 INFO sqlalchemy.engine.Engine BEGIN (implicit)
2026-05-17 20:48:56,809 INFO sqlalchemy.engine.Engine SELECT users.id, users.email, users.full_name, users.hashed_password, users.role, users.is_active, users.created_at, users.last_login 
FROM users 
WHERE users.id = ?
2026-05-17 20:48:56,809 INFO sqlalchemy.engine.Engine [cached since 17.36s ago] (1,)
2026-05-17 20:48:56,927 INFO sqlalchemy.engine.Engine BEGIN (implicit)
2026-05-17 20:48:56,936 INFO sqlalchemy.engine.Engine SELECT veille_entries.id, veille_entries.source_id, veille_entries.title, veille_entries.url, veille_entries.description, veille_entries.published_at, veille_entries.detected_at, veille_entries.status, veille_entries.estimated_budget, veille_entries.deadline, veille_entries.country, veille_entries.relevance_score 
FROM veille_entries ORDER BY veille_entries.detected_at DESC
 LIMIT ? OFFSET ?
2026-05-17 20:48:56,937 INFO sqlalchemy.engine.Engine [generated in 0.00101s] (100, 0)
2026-05-17 20:48:56,939 INFO sqlalchemy.engine.Engine BEGIN (implicit)
2026-05-17 20:48:56,941 INFO sqlalchemy.engine.Engine SELECT veille_sources.id, veille_sources.name, veille_sources.url, veille_sources.feed_type, veille_sources.keywords, veille_sources.active, veille_sources.created_at, veille_sources.last_scan 
FROM veille_sources ORDER BY veille_sources.id
2026-05-17 20:48:56,943 INFO sqlalchemy.engine.Engine [generated in 0.00094s] ()
2026-05-17 20:48:56,944 INFO sqlalchemy.engine.Engine BEGIN (implicit)
2026-05-17 20:48:56,945 INFO sqlalchemy.engine.Engine SELECT veille_entries.id, veille_entries.source_id, veille_entries.title, veille_entries.url, veille_entries.description, veille_entries.published_at, veille_entries.detected_at, veille_entries.status, veille_entries.estimated_budget, veille_entries.deadline, veille_entries.country, veille_entries.relevance_score 
FROM veille_entries
2026-05-17 20:48:56,945 INFO sqlalchemy.engine.Engine [generated in 0.00057s] ()
2026-05-17 20:48:56,949 INFO sqlalchemy.engine.Engine ROLLBACK
2026-05-17 20:48:56,952 INFO sqlalchemy.engine.Engine ROLLBACK
INFO:     127.0.0.1:63762 - "GET /v1/veille/feed?limit=100 HTTP/1.1" 200 OK
2026-05-17 20:48:56,956 INFO sqlalchemy.engine.Engine ROLLBACK
INFO:     127.0.0.1:52924 - "GET /v1/veille/sources HTTP/1.1" 200 OK
2026-05-17 20:48:56,969 INFO sqlalchemy.engine.Engine ROLLBACK
2026-05-17 20:48:56,969 INFO sqlalchemy.engine.Engine ROLLBACK
2026-05-17 20:48:56,972 INFO sqlalchemy.engine.Engine BEGIN (implicit)
2026-05-17 20:48:56,972 INFO sqlalchemy.engine.Engine SELECT users.id, users.email, users.full_name, users.hashed_password, users.role, users.is_active, users.created_at, users.last_login 
FROM users 
WHERE users.id = ?
2026-05-17 20:48:56,973 INFO sqlalchemy.engine.Engine [cached since 17.52s ago] (1,)
2026-05-17 20:48:56,975 INFO sqlalchemy.engine.Engine BEGIN (implicit)
2026-05-17 20:48:56,976 INFO sqlalchemy.engine.Engine SELECT users.id, users.email, users.full_name, users.hashed_password, users.role, users.is_active, users.created_at, users.last_login 
FROM users 
WHERE users.id = ?
2026-05-17 20:48:56,976 INFO sqlalchemy.engine.Engine [cached since 17.53s ago] (1,)
INFO:     127.0.0.1:59453 - "GET /v1/veille/stats HTTP/1.1" 200 OK
2026-05-17 20:48:56,978 INFO sqlalchemy.engine.Engine ROLLBACK
2026-05-17 20:48:56,980 INFO sqlalchemy.engine.Engine BEGIN (implicit)
2026-05-17 20:48:56,981 INFO sqlalchemy.engine.Engine SELECT users.id, users.email, users.full_name, users.hashed_password, users.role, users.is_active, users.created_at, users.last_login 
FROM users 
WHERE users.id = ?
2026-05-17 20:48:56,981 INFO sqlalchemy.engine.Engine [cached since 17.53s ago] (1,)
2026-05-17 20:48:56,983 INFO sqlalchemy.engine.Engine BEGIN (implicit)
2026-05-17 20:48:56,983 INFO sqlalchemy.engine.Engine SELECT veille_entries.id, veille_entries.source_id, veille_entries.title, veille_entries.url, veille_entries.description, veille_entries.published_at, veille_entries.detected_at, veille_entries.status, veille_entries.estimated_budget, veille_entries.deadline, veille_entries.country, veille_entries.relevance_score 
FROM veille_entries ORDER BY veille_entries.detected_at DESC
 LIMIT ? OFFSET ?
2026-05-17 20:48:56,984 INFO sqlalchemy.engine.Engine [cached since 0.04729s ago] (100, 0)
2026-05-17 20:48:56,985 INFO sqlalchemy.engine.Engine BEGIN (implicit)
2026-05-17 20:48:56,985 INFO sqlalchemy.engine.Engine SELECT veille_sources.id, veille_sources.name, veille_sources.url, veille_sources.feed_type, veille_sources.keywords, veille_sources.active, veille_sources.created_at, veille_sources.last_scan 
FROM veille_sources ORDER BY veille_sources.id
2026-05-17 20:48:56,986 INFO sqlalchemy.engine.Engine [cached since 0.04409s ago] ()
2026-05-17 20:48:56,987 INFO sqlalchemy.engine.Engine BEGIN (implicit)
2026-05-17 20:48:56,988 INFO sqlalchemy.engine.Engine SELECT veille_entries.id, veille_entries.source_id, veille_entries.title, veille_entries.url, veille_entries.description, veille_entries.published_at, veille_entries.detected_at, veille_entries.status, veille_entries.estimated_budget, veille_entries.deadline, veille_entries.country, veille_entries.relevance_score 
FROM veille_entries
2026-05-17 20:48:56,988 INFO sqlalchemy.engine.Engine [cached since 0.04306s ago] ()
2026-05-17 20:48:56,989 INFO sqlalchemy.engine.Engine ROLLBACK
2026-05-17 20:48:56,989 INFO sqlalchemy.engine.Engine ROLLBACK
INFO:     127.0.0.1:55008 - "GET /v1/veille/feed?limit=100 HTTP/1.1" 200 OK
2026-05-17 20:48:56,991 INFO sqlalchemy.engine.Engine ROLLBACK
2026-05-17 20:48:56,993 INFO sqlalchemy.engine.Engine ROLLBACK
INFO:     127.0.0.1:63762 - "GET /v1/veille/sources HTTP/1.1" 200 OK
2026-05-17 20:48:56,994 INFO sqlalchemy.engine.Engine ROLLBACK
INFO:     127.0.0.1:52924 - "GET /v1/veille/stats HTTP/1.1" 200 OK
2026-05-17 20:48:57,009 INFO sqlalchemy.engine.Engine ROLLBACK
INFO:     127.0.0.1:63100 - "OPTIONS /v1/veille/feed?limit=100&status=in_presales HTTP/1.1" 200 OK
2026-05-17 20:49:03,646 INFO sqlalchemy.engine.Engine BEGIN (implicit)
2026-05-17 20:49:03,795 INFO sqlalchemy.engine.Engine SELECT users.id, users.email, users.full_name, users.hashed_password, users.role, users.is_active, users.created_at, users.last_login 
FROM users 
WHERE users.id = ?
2026-05-17 20:49:03,947 INFO sqlalchemy.engine.Engine [cached since 24.5s ago] (1,)
2026-05-17 20:49:04,208 INFO sqlalchemy.engine.Engine BEGIN (implicit)
2026-05-17 20:49:04,373 INFO sqlalchemy.engine.Engine SELECT users.id, users.email, users.full_name, users.hashed_password, users.role, users.is_active, users.created_at, users.last_login 
FROM users 
WHERE users.id = ?
2026-05-17 20:49:04,526 INFO sqlalchemy.engine.Engine [cached since 25.08s ago] (1,)
2026-05-17 20:49:04,684 INFO sqlalchemy.engine.Engine BEGIN (implicit)
2026-05-17 20:49:04,830 INFO sqlalchemy.engine.Engine SELECT users.id, users.email, users.full_name, users.hashed_password, users.role, users.is_active, users.created_at, users.last_login 
FROM users 
WHERE users.id = ?
2026-05-17 20:49:04,984 INFO sqlalchemy.engine.Engine [cached since 25.53s ago] (1,)
2026-05-17 20:49:05,143 INFO sqlalchemy.engine.Engine BEGIN (implicit)
2026-05-17 20:49:05,291 INFO sqlalchemy.engine.Engine SELECT veille_sources.id, veille_sources.name, veille_sources.url, veille_sources.feed_type, veille_sources.keywords, veille_sources.active, veille_sources.created_at, veille_sources.last_scan 
FROM veille_sources ORDER BY veille_sources.id
2026-05-17 20:49:05,427 INFO sqlalchemy.engine.Engine [cached since 8.497s ago] ()
2026-05-17 20:49:05,485 INFO sqlalchemy.engine.Engine BEGIN (implicit)
2026-05-17 20:49:05,496 INFO sqlalchemy.engine.Engine SELECT veille_entries.id, veille_entries.source_id, veille_entries.title, veille_entries.url, veille_entries.description, veille_entries.published_at, veille_entries.detected_at, veille_entries.status, veille_entries.estimated_budget, veille_entries.deadline, veille_entries.country, veille_entries.relevance_score 
FROM veille_entries 
WHERE veille_entries.status = ? ORDER BY veille_entries.detected_at DESC
 LIMIT ? OFFSET ?
2026-05-17 20:49:05,496 INFO sqlalchemy.engine.Engine [generated in 0.00059s] ('in_presales', 100, 0)
2026-05-17 20:49:05,500 INFO sqlalchemy.engine.Engine ROLLBACK
INFO:     127.0.0.1:50519 - "GET /v1/veille/sources HTTP/1.1" 200 OK
2026-05-17 20:49:05,502 INFO sqlalchemy.engine.Engine ROLLBACK
2026-05-17 20:49:05,505 INFO sqlalchemy.engine.Engine BEGIN (implicit)
2026-05-17 20:49:05,509 INFO sqlalchemy.engine.Engine SELECT veille_entries.id, veille_entries.source_id, veille_entries.title, veille_entries.url, veille_entries.description, veille_entries.published_at, veille_entries.detected_at, veille_entries.status, veille_entries.estimated_budget, veille_entries.deadline, veille_entries.country, veille_entries.relevance_score 
FROM veille_entries
2026-05-17 20:49:05,510 INFO sqlalchemy.engine.Engine [cached since 8.565s ago] ()
2026-05-17 20:49:05,511 INFO sqlalchemy.engine.Engine ROLLBACK
2026-05-17 20:49:05,514 INFO sqlalchemy.engine.Engine ROLLBACK
INFO:     127.0.0.1:63100 - "GET /v1/veille/feed?limit=100&status=in_presales HTTP/1.1" 200 OK
2026-05-17 20:49:05,517 INFO sqlalchemy.engine.Engine ROLLBACK
INFO:     127.0.0.1:57479 - "GET /v1/veille/stats HTTP/1.1" 200 OK
2026-05-17 20:49:05,523 INFO sqlalchemy.engine.Engine ROLLBACK
INFO:     127.0.0.1:57479 - "OPTIONS /v1/veille/feed?limit=100&status=new HTTP/1.1" 200 OK
2026-05-17 20:49:06,452 INFO sqlalchemy.engine.Engine BEGIN (implicit)
2026-05-17 20:49:06,620 INFO sqlalchemy.engine.Engine SELECT users.id, users.email, users.full_name, users.hashed_password, users.role, users.is_active, users.created_at, users.last_login 
FROM users 
WHERE users.id = ?
2026-05-17 20:49:06,758 INFO sqlalchemy.engine.Engine [cached since 27.31s ago] (1,)
2026-05-17 20:49:06,913 INFO sqlalchemy.engine.Engine BEGIN (implicit)
2026-05-17 20:49:07,100 INFO sqlalchemy.engine.Engine SELECT users.id, users.email, users.full_name, users.hashed_password, users.role, users.is_active, users.created_at, users.last_login 
FROM users 
WHERE users.id = ?
2026-05-17 20:49:07,290 INFO sqlalchemy.engine.Engine [cached since 27.84s ago] (1,)
2026-05-17 20:49:07,512 INFO sqlalchemy.engine.Engine BEGIN (implicit)
2026-05-17 20:49:07,741 INFO sqlalchemy.engine.Engine SELECT users.id, users.email, users.full_name, users.hashed_password, users.role, users.is_active, users.created_at, users.last_login 
FROM users 
WHERE users.id = ?
2026-05-17 20:49:08,029 INFO sqlalchemy.engine.Engine [cached since 28.58s ago] (1,)
2026-05-17 20:49:08,344 INFO sqlalchemy.engine.Engine BEGIN (implicit)
2026-05-17 20:49:08,488 INFO sqlalchemy.engine.Engine SELECT veille_entries.id, veille_entries.source_id, veille_entries.title, veille_entries.url, veille_entries.description, veille_entries.published_at, veille_entries.detected_at, veille_entries.status, veille_entries.estimated_budget, veille_entries.deadline, veille_entries.country, veille_entries.relevance_score 
FROM veille_entries
2026-05-17 20:49:08,617 INFO sqlalchemy.engine.Engine [cached since 11.67s ago] ()
2026-05-17 20:49:08,777 INFO sqlalchemy.engine.Engine ROLLBACK
2026-05-17 20:49:09,341 INFO sqlalchemy.engine.Engine BEGIN (implicit)
2026-05-17 20:49:09,478 INFO sqlalchemy.engine.Engine SELECT veille_entries.id, veille_entries.source_id, veille_entries.title, veille_entries.url, veille_entries.description, veille_entries.published_at, veille_entries.detected_at, veille_entries.status, veille_entries.estimated_budget, veille_entries.deadline, veille_entries.country, veille_entries.relevance_score 
FROM veille_entries 
WHERE veille_entries.status = ? ORDER BY veille_entries.detected_at DESC
 LIMIT ? OFFSET ?
2026-05-17 20:49:09,626 INFO sqlalchemy.engine.Engine [cached since 4.13s ago] ('new', 100, 0)
INFO:     127.0.0.1:50519 - "GET /v1/veille/stats HTTP/1.1" 200 OK
2026-05-17 20:49:09,833 INFO sqlalchemy.engine.Engine ROLLBACK
2026-05-17 20:49:09,985 INFO sqlalchemy.engine.Engine ROLLBACK
2026-05-17 20:49:10,132 INFO sqlalchemy.engine.Engine BEGIN (implicit)
2026-05-17 20:49:10,313 INFO sqlalchemy.engine.Engine SELECT veille_sources.id, veille_sources.name, veille_sources.url, veille_sources.feed_type, veille_sources.keywords, veille_sources.active, veille_sources.created_at, veille_sources.last_scan 
FROM veille_sources ORDER BY veille_sources.id
2026-05-17 20:49:10,496 INFO sqlalchemy.engine.Engine [cached since 13.55s ago] ()
INFO:     127.0.0.1:57479 - "GET /v1/veille/feed?limit=100&status=new HTTP/1.1" 200 OK
2026-05-17 20:49:10,740 INFO sqlalchemy.engine.Engine ROLLBACK
2026-05-17 20:49:10,898 INFO sqlalchemy.engine.Engine ROLLBACK
INFO:     127.0.0.1:63100 - "GET /v1/veille/sources HTTP/1.1" 200 OK
2026-05-17 20:49:11,189 INFO sqlalchemy.engine.Engine ROLLBACK
INFO:     127.0.0.1:53734 - "GET /v1/health HTTP/1.1" 200 OK
INFO:     127.0.0.1:61053 - "OPTIONS /v1/stats HTTP/1.1" 200 OK
INFO:     127.0.0.1:61053 - "OPTIONS /v1/stats HTTP/1.1" 200 OK
2026-05-17 20:53:47,412 INFO sqlalchemy.engine.Engine BEGIN (implicit)
2026-05-17 20:53:47,428 INFO sqlalchemy.engine.Engine SELECT users.id, users.email, users.full_name, users.hashed_password, users.role, users.is_active, users.created_at, users.last_login 
FROM users 
WHERE users.id = ?
2026-05-17 20:53:47,429 INFO sqlalchemy.engine.Engine [cached since 308s ago] (1,)
INFO:     127.0.0.1:61053 - "GET /v1/stats HTTP/1.1" 200 OK
2026-05-17 20:53:53,045 INFO sqlalchemy.engine.Engine ROLLBACK
2026-05-17 20:53:53,049 INFO sqlalchemy.engine.Engine BEGIN (implicit)
2026-05-17 20:53:53,049 INFO sqlalchemy.engine.Engine SELECT users.id, users.email, users.full_name, users.hashed_password, users.role, users.is_active, users.created_at, users.last_login 
FROM users 
WHERE users.id = ?
2026-05-17 20:53:53,049 INFO sqlalchemy.engine.Engine [cached since 313.6s ago] (1,)
INFO:     127.0.0.1:54136 - "GET /v1/stats HTTP/1.1" 200 OK
2026-05-17 20:53:53,986 INFO sqlalchemy.engine.Engine ROLLBACK
INFO:     127.0.0.1:62297 - "OPTIONS /v1/chat/query HTTP/1.1" 200 OK
2026-05-17 20:54:14,530 INFO sqlalchemy.engine.Engine BEGIN (implicit)
2026-05-17 20:54:14,532 INFO sqlalchemy.engine.Engine SELECT users.id, users.email, users.full_name, users.hashed_password, users.role, users.is_active, users.created_at, users.last_login 
FROM users 
WHERE users.id = ?
2026-05-17 20:54:14,533 INFO sqlalchemy.engine.Engine [cached since 335.1s ago] (1,)
INFO:     127.0.0.1:62297 - "POST /v1/chat/query HTTP/1.1" 200 OK
2026-05-17 20:54:14,622 INFO sqlalchemy.engine.Engine BEGIN (implicit)
2026-05-17 20:54:14,693 INFO sqlalchemy.engine.Engine SELECT conversations.id, conversations.session_id, conversations.user_id, conversations.role, conversations.content, conversations.created_at 
FROM conversations 
WHERE conversations.session_id = ? AND conversations.user_id = ? ORDER BY conversations.created_at DESC
 LIMIT ? OFFSET ?
2026-05-17 20:54:14,698 INFO sqlalchemy.engine.Engine [generated in 0.00548s] ('e70d629c-c4b1-4d62-a31c-497305814bb6', 1, 12, 0)
2026-05-17 20:54:14,727 INFO sqlalchemy.engine.Engine ROLLBACK
2026-05-17 20:54:14,754 INFO sqlalchemy.engine.Engine BEGIN (implicit)
2026-05-17 20:54:14,784 INFO sqlalchemy.engine.Engine SELECT sale_orders.order_id, sale_orders.odoo_id, sale_orders.client_id, sale_orders.client_name, sale_orders.name, sale_orders.amount, sale_orders.currency, sale_orders.date_order, sale_orders.state, sale_orders.synced_at, clients.client_id AS client_id_1, clients.odoo_id AS odoo_id_1, clients.name AS name_1, clients.sector, clients.solvency_score, clients.contact_email, clients.synced_at AS synced_at_1 
FROM sale_orders LEFT OUTER JOIN clients ON sale_orders.client_id = clients.client_id ORDER BY sale_orders.date_order DESC
 LIMIT ? OFFSET ?
2026-05-17 20:54:14,786 INFO sqlalchemy.engine.Engine [generated in 0.00203s] (10, 0)
2026-05-17 20:54:14,843 INFO sqlalchemy.engine.Engine ROLLBACK
2026-05-17 20:54:20,928 INFO sqlalchemy.engine.Engine BEGIN (implicit)
2026-05-17 20:54:23,655 INFO sqlalchemy.engine.Engine INSERT INTO conversations (session_id, user_id, role, content, created_at) VALUES (?, ?, ?, ?, ?) RETURNING id
2026-05-17 20:54:23,656 INFO sqlalchemy.engine.Engine [generated in 0.00068s (insertmanyvalues) 1/2 (ordered; batch not supported)] ('e70d629c-c4b1-4d62-a31c-497305814bb6', 1, 'user', 'parle moi de nos dernières commandes client', '2026-05-17 20:54:23.654817')
2026-05-17 20:54:23,671 INFO sqlalchemy.engine.Engine INSERT INTO conversations (session_id, user_id, role, content, created_at) VALUES (?, ?, ?, ?, ?) RETURNING id
2026-05-17 20:54:23,675 INFO sqlalchemy.engine.Engine [insertmanyvalues 2/2 (ordered; batch not supported)] ('e70d629c-c4b1-4d62-a31c-497305814bb6', 1, 'assistant', "Voici nos **10 dernières commandes clients** :\n\n| Référence | Client | Montant (XOF) | Date | État |\n|-----------|--------|---------------|------| ... (890 characters truncated) ... - Quelques commandes sans client assigné (à clarifier)\n- Toutes les commandes sont en état validé\n\nBesoin de détails sur une commande spécifique ?", '2026-05-17 20:54:23.654817')
2026-05-17 20:54:23,683 INFO sqlalchemy.engine.Engine COMMIT
2026-05-17 20:54:23,695 INFO sqlalchemy.engine.Engine ROLLBACK
2026-05-17 20:54:53,063 INFO sqlalchemy.engine.Engine BEGIN (implicit)
2026-05-17 20:54:53,065 INFO sqlalchemy.engine.Engine SELECT users.id, users.email, users.full_name, users.hashed_password, users.role, users.is_active, users.created_at, users.last_login 
FROM users 
WHERE users.id = ?
2026-05-17 20:54:53,066 INFO sqlalchemy.engine.Engine [cached since 373.6s ago] (1,)
INFO:     127.0.0.1:64496 - "POST /v1/chat/query HTTP/1.1" 200 OK
2026-05-17 20:54:53,075 INFO sqlalchemy.engine.Engine BEGIN (implicit)
2026-05-17 20:54:53,077 INFO sqlalchemy.engine.Engine SELECT conversations.id, conversations.session_id, conversations.user_id, conversations.role, conversations.content, conversations.created_at 
FROM conversations 
WHERE conversations.session_id = ? AND conversations.user_id = ? ORDER BY conversations.created_at DESC
 LIMIT ? OFFSET ?
2026-05-17 20:54:53,079 INFO sqlalchemy.engine.Engine [cached since 38.39s ago] ('e70d629c-c4b1-4d62-a31c-497305814bb6', 1, 12, 0)
2026-05-17 20:54:53,090 INFO sqlalchemy.engine.Engine ROLLBACK
 2026-05-17 20:59:52,959 INFO sqlalchemy.engine.Engine BEGIN (implicit)
2026-05-17 20:59:52,969 INFO sqlalchemy.engine.Engine INSERT INTO conversations (session_id, user_id, role, content, created_at) VALUES (?, ?, ?, ?, ?) RETURNING id
2026-05-17 20:59:52,969 INFO sqlalchemy.engine.Engine [cached since 329.3s ago (insertmanyvalues) 1/2 (ordered; batch not supported)] ('e70d629c-c4b1-4d62-a31c-497305814bb6', 1, 'user', 'tu sais qui est le commercial sur GT BANK?', '2026-05-17 20:59:52.968988')
2026-05-17 20:59:53,058 INFO sqlalchemy.engine.Engine INSERT INTO conversations (session_id, user_id, role, content, created_at) VALUES (?, ?, ?, ?, ?) RETURNING id
2026-05-17 20:59:53,058 INFO sqlalchemy.engine.Engine [insertmanyvalues 2/2 (ordered; batch not supported)] ('e70d629c-c4b1-4d62-a31c-497305814bb6', 1, 'assistant', 'Je ne dispose pas d\'informations sur les commerciaux affectés aux clients dans la base de données Odoo accessible. Les données que j\'ai permettent  ... (384 characters truncated) ... toutes les commandes et factures de GT BANK pour avoir un historique complet du compte ? Cela pourrait t\'aider à identifier qui gère cette relation.', '2026-05-17 20:59:52.968988')
2026-05-17 20:59:53,069 INFO sqlalchemy.engine.Engine COMMIT
2026-05-17 20:59:53,090 INFO sqlalchemy.engine.Engine ROLLBACK
  INFO:     127.0.0.1:56338 - "GET /v1/health HTTP/1.1" 200 OK
 INFO:     127.0.0.1:50905 - "OPTIONS /v1/presales/score HTTP/1.1" 200 OK
2026-05-17 21:02:26,487 INFO sqlalchemy.engine.Engine BEGIN (implicit)
2026-05-17 21:02:26,734 INFO sqlalchemy.engine.Engine SELECT users.id, users.email, users.full_name, users.hashed_password, users.role, users.is_active, users.created_at, users.last_login 
FROM users 
WHERE users.id = ?
2026-05-17 21:02:26,739 INFO sqlalchemy.engine.Engine [generated in 0.00308s] (1,)
2026-05-17 21:18:50,869 INFO sqlalchemy.engine.Engine ROLLBACK
INFO:     127.0.0.1:50905 - "POST /v1/presales/score HTTP/1.1" 500 Internal Server Error
 INFO:     127.0.0.1:65078 - "GET /v1/health HTTP/1.1" 200 OK
        INFO:     127.0.0.1:51365 - "OPTIONS /v1/chat/query HTTP/1.1" 200 OK
INFO:     127.0.0.1:51365 - "POST /v1/chat/query HTTP/1.1" 200 OK
  INFO:     127.0.0.1:56741 - "POST /v1/chat/query HTTP/1.1" 200 OK
 INFO:     127.0.0.1:57099 - "POST /v1/chat/query HTTP/1.1" 200 OK
INFO:     127.0.0.1:55282 - "POST /v1/chat/query HTTP/1.1" 200 OK
INFO:     127.0.0.1:50596 - "POST /v1/chat/query HTTP/1.1" 200 OK
INFO:     127.0.0.1:51011 - "POST /v1/chat/query HTTP/1.1" 200 OK
INFO:     127.0.0.1:60427 - "POST /v1/chat/query HTTP/1.1" 200 OK
INFO:     127.0.0.1:63990 - "POST /v1/chat/query HTTP/1.1" 200 OK
INFO:     127.0.0.1:59632 - "OPTIONS /v1/presales/score HTTP/1.1" 200 OK
INFO:     127.0.0.1:59632 - "POST /v1/presales/score HTTP/1.1" 200 OK
INFO:     127.0.0.1:58340 - "OPTIONS /v1/ged/tree HTTP/1.1" 200 OK
INFO:     127.0.0.1:58340 - "OPTIONS /v1/ged/status HTTP/1.1" 200 OK
INFO:     127.0.0.1:58340 - "OPTIONS /v1/ged/files?folder=cvs HTTP/1.1" 200 OK
INFO:     127.0.0.1:58340 - "OPTIONS /v1/ged/tree HTTP/1.1" 200 OK
INFO:     127.0.0.1:58340 - "OPTIONS /v1/ged/status HTTP/1.1" 200 OK
INFO:     127.0.0.1:58340 - "OPTIONS /v1/ged/files?folder=cvs HTTP/1.1" 200 OK
INFO:     127.0.0.1:58340 - "GET /v1/ged/tree HTTP/1.1" 200 OK
INFO:     127.0.0.1:58340 - "GET /v1/ged/status HTTP/1.1" 200 OK
INFO:     127.0.0.1:58340 - "GET /v1/ged/files?folder=cvs HTTP/1.1" 200 OK
INFO:     127.0.0.1:58340 - "GET /v1/ged/tree HTTP/1.1" 200 OK
INFO:     127.0.0.1:58340 - "GET /v1/ged/status HTTP/1.1" 200 OK
INFO:     127.0.0.1:58340 - "GET /v1/ged/files?folder=cvs HTTP/1.1" 200 OK
INFO:     127.0.0.1:58340 - "OPTIONS /v1/veille/feed?limit=100 HTTP/1.1" 200 OK
INFO:     127.0.0.1:51924 - "OPTIONS /v1/veille/sources HTTP/1.1" 200 OK
INFO:     127.0.0.1:64713 - "OPTIONS /v1/veille/feed?limit=100 HTTP/1.1" 200 OK
INFO:     127.0.0.1:58745 - "OPTIONS /v1/veille/sources HTTP/1.1" 200 OK
INFO:     127.0.0.1:61628 - "OPTIONS /v1/veille/stats HTTP/1.1" 200 OK
INFO:     127.0.0.1:58340 - "OPTIONS /v1/veille/stats HTTP/1.1" 200 OK
INFO:     127.0.0.1:61628 - "GET /v1/veille/sources HTTP/1.1" 200 OK
INFO:     127.0.0.1:58745 - "GET /v1/veille/stats HTTP/1.1" 200 OK
INFO:     127.0.0.1:58340 - "GET /v1/veille/feed?limit=100 HTTP/1.1" 200 OK
INFO:     127.0.0.1:61628 - "GET /v1/veille/stats HTTP/1.1" 200 OK
INFO:     127.0.0.1:64713 - "GET /v1/veille/sources HTTP/1.1" 200 OK
INFO:     127.0.0.1:58745 - "GET /v1/veille/feed?limit=100 HTTP/1.1" 200 OK
INFO:     127.0.0.1:49818 - "OPTIONS /v1/veille/scan HTTP/1.1" 200 OK
INFO:     127.0.0.1:49818 - "POST /v1/veille/scan HTTP/1.1" 200 OK
INFO:     127.0.0.1:49818 - "GET /v1/veille/feed?limit=100 HTTP/1.1" 200 OK
INFO:     127.0.0.1:49818 - "GET /v1/veille/sources HTTP/1.1" 200 OK
INFO:     127.0.0.1:49818 - "GET /v1/veille/stats HTTP/1.1" 200 OK
 INFO:     127.0.0.1:60367 - "OPTIONS /v1/stats HTTP/1.1" 200 OK
INFO:     127.0.0.1:57652 - "OPTIONS /v1/stats HTTP/1.1" 200 OK
INFO:     127.0.0.1:60367 - "OPTIONS /v1/ged/tree HTTP/1.1" 200 OK
INFO:     127.0.0.1:61493 - "OPTIONS /v1/ged/status HTTP/1.1" 200 OK
INFO:     127.0.0.1:60367 - "OPTIONS /v1/ged/files?folder=cvs HTTP/1.1" 200 OK
INFO:     127.0.0.1:61493 - "OPTIONS /v1/ged/tree HTTP/1.1" 200 OK
INFO:     127.0.0.1:60367 - "OPTIONS /v1/ged/status HTTP/1.1" 200 OK
INFO:     127.0.0.1:61493 - "OPTIONS /v1/ged/files?folder=cvs HTTP/1.1" 200 OK
INFO:     127.0.0.1:60367 - "GET /v1/ged/tree HTTP/1.1" 200 OK
INFO:     127.0.0.1:61493 - "GET /v1/ged/status HTTP/1.1" 200 OK
INFO:     127.0.0.1:60367 - "GET /v1/ged/files?folder=cvs HTTP/1.1" 200 OK
INFO:     127.0.0.1:61493 - "GET /v1/ged/tree HTTP/1.1" 200 OK
INFO:     127.0.0.1:60367 - "GET /v1/ged/status HTTP/1.1" 200 OK
INFO:     127.0.0.1:61493 - "GET /v1/ged/files?folder=cvs HTTP/1.1" 200 OK
INFO:     127.0.0.1:57652 - "GET /v1/stats HTTP/1.1" 200 OK
INFO:     127.0.0.1:61493 - "GET /v1/stats HTTP/1.1" 200 OK
INFO:     127.0.0.1:61493 - "OPTIONS /v1/ged/files?folder=comptes-rendus HTTP/1.1" 200 OK
INFO:     127.0.0.1:61493 - "GET /v1/ged/files?folder=comptes-rendus HTTP/1.1" 200 OK
 INFO:     127.0.0.1:50114 - "GET /v1/ged/tree HTTP/1.1" 200 OK
INFO:     127.0.0.1:50114 - "GET /v1/ged/status HTTP/1.1" 200 OK
INFO:     127.0.0.1:50114 - "GET /v1/ged/files?folder=cvs HTTP/1.1" 200 OK
INFO:     127.0.0.1:50114 - "GET /v1/ged/tree HTTP/1.1" 200 OK
INFO:     127.0.0.1:50114 - "GET /v1/ged/status HTTP/1.1" 200 OK
INFO:     127.0.0.1:61982 - "GET /v1/ged/files?folder=cvs HTTP/1.1" 200 OK
INFO:     127.0.0.1:58365 - "GET /v1/stats HTTP/1.1" 200 OK
INFO:     127.0.0.1:61982 - "GET /v1/stats HTTP/1.1" 200 OK
INFO:     127.0.0.1:61982 - "OPTIONS /v1/presales/score HTTP/1.1" 200 OK
INFO:     127.0.0.1:61982 - "POST /v1/presales/score HTTP/1.1" 500 Internal Server Error
INFO:     127.0.0.1:54798 - "OPTIONS /v1/chat/query HTTP/1.1" 200 OK
INFO:     127.0.0.1:54798 - "POST /v1/chat/query HTTP/1.1" 200 OK
    INFO:     127.0.0.1:63347 - "GET /health HTTP/1.1" 404 Not Found
INFO:     127.0.0.1:63349 - "GET /v1/health HTTP/1.1" 200 OK
INFO:     127.0.0.1:63351 - "GET /v1/health HTTP/1.1" 200 OK
INFO:     127.0.0.1:63355 - "POST /v1/presales/score HTTP/1.1" 400 Bad Request
INFO:     127.0.0.1:64880 - "OPTIONS /v1/presales/score HTTP/1.1" 200 OK
INFO:     127.0.0.1:61761 - "GET /v1/health HTTP/1.1" 200 OK
INFO:     127.0.0.1:61763 - "OPTIONS /v1/presales/score HTTP/1.1" 200 OK
INFO:     127.0.0.1:61766 - "POST /v1/auth/login HTTP/1.1" 422 Unprocessable Entity
INFO:     127.0.0.1:61768 - "POST /v1/auth/login HTTP/1.1" 401 Unauthorized
INFO:     127.0.0.1:65084 - "POST /v1/auth/login HTTP/1.1" 401 Unauthorized
INFO:     127.0.0.1:65089 - "POST /v1/auth/login HTTP/1.1" 401 Unauthorized
INFO:     127.0.0.1:65091 - "POST /v1/auth/login HTTP/1.1" 401 Unauthorized
INFO:     127.0.0.1:65093 - "POST /v1/auth/login HTTP/1.1" 401 Unauthorized
INFO:     127.0.0.1:65095 - "POST /v1/auth/login HTTP/1.1" 401 Unauthorized
INFO:     127.0.0.1:65097 - "POST /v1/auth/login HTTP/1.1" 401 Unauthorized
INFO:     127.0.0.1:65099 - "POST /v1/auth/login HTTP/1.1" 401 Unauthorized
INFO:     127.0.0.1:65101 - "POST /v1/auth/login HTTP/1.1" 401 Unauthorized
INFO:     127.0.0.1:65103 - "POST /v1/auth/login HTTP/1.1" 401 Unauthorized
INFO:     127.0.0.1:65105 - "POST /v1/auth/login HTTP/1.1" 401 Unauthorized
INFO:     127.0.0.1:50502 - "POST /v1/presales/score HTTP/1.1" 401 Unauthorized
INFO:     127.0.0.1:62353 - "POST /v1/auth/login HTTP/1.1" 200 OK
INFO:     127.0.0.1:62355 - "POST /v1/presales/score HTTP/1.1" 422 Unprocessable Entity
INFO:     127.0.0.1:54664 - "POST /v1/auth/login HTTP/1.1" 200 OK
INFO:     127.0.0.1:54666 - "POST /v1/presales/score HTTP/1.1" 200 OK
INFO:     127.0.0.1:49727 - "POST /v1/auth/login HTTP/1.1" 401 Unauthorized
INFO:     127.0.0.1:57118 - "OPTIONS /v1/presales/score HTTP/1.1" 200 OK
INFO:     127.0.0.1:57118 - "POST /v1/presales/score HTTP/1.1" 200 OK
INFO:     127.0.0.1:64432 - "POST /v1/auth/login HTTP/1.1" 401 Unauthorized
INFO:     127.0.0.1:64439 - "POST /v1/chat/query HTTP/1.1" 200 OK
  INFO:     127.0.0.1:52684 - "GET /v1/health HTTP/1.1" 200 OK
INFO:     127.0.0.1:60405 - "POST /v1/presales/score HTTP/1.1" 200 OK
INFO:     127.0.0.1:60975 - "GET /v1/health HTTP/1.1" 200 OK
INFO:     127.0.0.1:62318 - "OPTIONS /v1/chat/query HTTP/1.1" 200 OK
INFO:     127.0.0.1:62318 - "POST /v1/chat/query HTTP/1.1" 200 OK
INFO:     127.0.0.1:62193 - "POST /v1/chat/query HTTP/1.1" 200 OK
INFO:     127.0.0.1:61806 - "POST /v1/chat/query HTTP/1.1" 200 OK
INFO:     127.0.0.1:49671 - "OPTIONS /v1/presales/score HTTP/1.1" 200 OK
INFO:     127.0.0.1:49671 - "POST /v1/presales/score HTTP/1.1" 200 OK
INFO:     127.0.0.1:60249 - "OPTIONS /v1/presales/export-analysis HTTP/1.1" 200 OK
INFO:     127.0.0.1:60249 - "POST /v1/presales/export-analysis HTTP/1.1" 200 OK
INFO:     127.0.0.1:50778 - "POST /v1/presales/export-analysis HTTP/1.1" 200 OK
 INFO:     127.0.0.1:62897 - "OPTIONS /v1/presales/bid-strategy HTTP/1.1" 200 OK
INFO:     127.0.0.1:62897 - "POST /v1/presales/bid-strategy HTTP/1.1" 200 OK
INFO:     127.0.0.1:53540 - "OPTIONS /v1/presales/export-strategy HTTP/1.1" 200 OK
INFO:     127.0.0.1:53540 - "POST /v1/presales/export-strategy HTTP/1.1" 200 OK
INFO:     127.0.0.1:56618 - "OPTIONS /v1/presales/generate HTTP/1.1" 200 OK
INFO:     127.0.0.1:56618 - "POST /v1/presales/generate HTTP/1.1" 200 OK
 INFO:     127.0.0.1:51024 - "POST /v1/presales/generate HTTP/1.1" 200 OK
 INFO:     127.0.0.1:52637 - "OPTIONS /v1/chat/query HTTP/1.1" 200 OK
INFO:     127.0.0.1:52637 - "POST /v1/chat/query HTTP/1.1" 200 OK
 INFO:     127.0.0.1:62165 - "POST /v1/chat/query HTTP/1.1" 200 OK
INFO:     127.0.0.1:50712 - "POST /v1/chat/query HTTP/1.1" 200 OK
INFO:     127.0.0.1:51521 - "GET /v1/health HTTP/1.1" 200 OK
